
AVRASM ver. 2.1.30  D:\daneshga\terme 7\aze micro\HomeWork1\codevision\question77\Debug\List\7.asm Sun Oct 04 23:04:42 2020

                 
                 
                 ;CodeVisionAVR C Compiler V3.12 Advanced
                 ;(C) Copyright 1998-2014 Pavel Haiduc, HP InfoTech s.r.l.
                 ;http://www.hpinfotech.com
                 
                 ;Build configuration    : Debug
                 ;Chip type              : ATmega16
                 ;Program type           : Application
                 ;Clock frequency        : 8.000000 MHz
                 ;Memory model           : Small
                 ;Optimize for           : Size
                 ;(s)printf features     : int, width
                 ;(s)scanf features      : int, width
                 ;External RAM size      : 0
                 ;Data Stack size        : 256 byte(s)
                 ;Heap size              : 0 byte(s)
                 ;Promote 'char' to 'int': Yes
                 ;'char' is unsigned     : Yes
                 ;8 bit enums            : Yes
                 ;Global 'const' stored in FLASH: Yes
                 ;Enhanced function parameter passing: Yes
                 ;Enhanced core instructions: On
                 ;Automatic register allocation for global variables: On
                 ;Smart register allocation: On
                 
                 	#define _MODEL_SMALL_
                 
                 	#pragma AVRPART ADMIN PART_NAME ATmega16
                 	#pragma AVRPART MEMORY PROG_FLASH 16384
                 	#pragma AVRPART MEMORY EEPROM 512
                 	#pragma AVRPART MEMORY INT_SRAM SIZE 1024
                 	#pragma AVRPART MEMORY INT_SRAM START_ADDR 0x60
                 
                 	#define CALL_SUPPORTED 1
                 
                 	.LISTMAC
                 	.EQU UDRE=0x5
                 	.EQU RXC=0x7
                 	.EQU USR=0xB
                 	.EQU UDR=0xC
                 	.EQU SPSR=0xE
                 	.EQU SPDR=0xF
                 	.EQU EERE=0x0
                 	.EQU EEWE=0x1
                 	.EQU EEMWE=0x2
                 	.EQU EECR=0x1C
                 	.EQU EEDR=0x1D
                 	.EQU EEARL=0x1E
                 	.EQU EEARH=0x1F
                 	.EQU WDTCR=0x21
                 	.EQU MCUCR=0x35
                 	.EQU GICR=0x3B
                 	.EQU SPL=0x3D
                 	.EQU SPH=0x3E
                 	.EQU SREG=0x3F
                 
                 	.DEF R0X0=R0
                 	.DEF R0X1=R1
                 	.DEF R0X2=R2
                 	.DEF R0X3=R3
                 	.DEF R0X4=R4
                 	.DEF R0X5=R5
                 	.DEF R0X6=R6
                 	.DEF R0X7=R7
                 	.DEF R0X8=R8
                 	.DEF R0X9=R9
                 	.DEF R0XA=R10
                 	.DEF R0XB=R11
                 	.DEF R0XC=R12
                 	.DEF R0XD=R13
                 	.DEF R0XE=R14
                 	.DEF R0XF=R15
                 	.DEF R0X10=R16
                 	.DEF R0X11=R17
                 	.DEF R0X12=R18
                 	.DEF R0X13=R19
                 	.DEF R0X14=R20
                 	.DEF R0X15=R21
                 	.DEF R0X16=R22
                 	.DEF R0X17=R23
                 	.DEF R0X18=R24
                 	.DEF R0X19=R25
                 	.DEF R0X1A=R26
                 	.DEF R0X1B=R27
                 	.DEF R0X1C=R28
                 	.DEF R0X1D=R29
                 	.DEF R0X1E=R30
                 	.DEF R0X1F=R31
                 
                 	.EQU __SRAM_START=0x0060
                 	.EQU __SRAM_END=0x045F
                 	.EQU __DSTACK_SIZE=0x0100
                 	.EQU __HEAP_SIZE=0x0000
                 	.EQU __CLEAR_SRAM_SIZE=__SRAM_END-__SRAM_START+1
                 
                 	.MACRO __CPD1N
                 	CPI  R30,LOW(@0)
                 	LDI  R26,HIGH(@0)
                 	CPC  R31,R26
                 	LDI  R26,BYTE3(@0)
                 	CPC  R22,R26
                 	LDI  R26,BYTE4(@0)
                 	CPC  R23,R26
                 	.ENDM
                 
                 	.MACRO __CPD2N
                 	CPI  R26,LOW(@0)
                 	LDI  R30,HIGH(@0)
                 	CPC  R27,R30
                 	LDI  R30,BYTE3(@0)
                 	CPC  R24,R30
                 	LDI  R30,BYTE4(@0)
                 	CPC  R25,R30
                 	.ENDM
                 
                 	.MACRO __CPWRR
                 	CP   R@0,R@2
                 	CPC  R@1,R@3
                 	.ENDM
                 
                 	.MACRO __CPWRN
                 	CPI  R@0,LOW(@2)
                 	LDI  R30,HIGH(@2)
                 	CPC  R@1,R30
                 	.ENDM
                 
                 	.MACRO __ADDB1MN
                 	SUBI R30,LOW(-@0-(@1))
                 	.ENDM
                 
                 	.MACRO __ADDB2MN
                 	SUBI R26,LOW(-@0-(@1))
                 	.ENDM
                 
                 	.MACRO __ADDW1MN
                 	SUBI R30,LOW(-@0-(@1))
                 	SBCI R31,HIGH(-@0-(@1))
                 	.ENDM
                 
                 	.MACRO __ADDW2MN
                 	SUBI R26,LOW(-@0-(@1))
                 	SBCI R27,HIGH(-@0-(@1))
                 	.ENDM
                 
                 	.MACRO __ADDW1FN
                 	SUBI R30,LOW(-2*@0-(@1))
                 	SBCI R31,HIGH(-2*@0-(@1))
                 	.ENDM
                 
                 	.MACRO __ADDD1FN
                 	SUBI R30,LOW(-2*@0-(@1))
                 	SBCI R31,HIGH(-2*@0-(@1))
                 	SBCI R22,BYTE3(-2*@0-(@1))
                 	.ENDM
                 
                 	.MACRO __ADDD1N
                 	SUBI R30,LOW(-@0)
                 	SBCI R31,HIGH(-@0)
                 	SBCI R22,BYTE3(-@0)
                 	SBCI R23,BYTE4(-@0)
                 	.ENDM
                 
                 	.MACRO __ADDD2N
                 	SUBI R26,LOW(-@0)
                 	SBCI R27,HIGH(-@0)
                 	SBCI R24,BYTE3(-@0)
                 	SBCI R25,BYTE4(-@0)
                 	.ENDM
                 
                 	.MACRO __SUBD1N
                 	SUBI R30,LOW(@0)
                 	SBCI R31,HIGH(@0)
                 	SBCI R22,BYTE3(@0)
                 	SBCI R23,BYTE4(@0)
                 	.ENDM
                 
                 	.MACRO __SUBD2N
                 	SUBI R26,LOW(@0)
                 	SBCI R27,HIGH(@0)
                 	SBCI R24,BYTE3(@0)
                 	SBCI R25,BYTE4(@0)
                 	.ENDM
                 
                 	.MACRO __ANDBMNN
                 	LDS  R30,@0+(@1)
                 	ANDI R30,LOW(@2)
                 	STS  @0+(@1),R30
                 	.ENDM
                 
                 	.MACRO __ANDWMNN
                 	LDS  R30,@0+(@1)
                 	ANDI R30,LOW(@2)
                 	STS  @0+(@1),R30
                 	LDS  R30,@0+(@1)+1
                 	ANDI R30,HIGH(@2)
                 	STS  @0+(@1)+1,R30
                 	.ENDM
                 
                 	.MACRO __ANDD1N
                 	ANDI R30,LOW(@0)
                 	ANDI R31,HIGH(@0)
                 	ANDI R22,BYTE3(@0)
                 	ANDI R23,BYTE4(@0)
                 	.ENDM
                 
                 	.MACRO __ANDD2N
                 	ANDI R26,LOW(@0)
                 	ANDI R27,HIGH(@0)
                 	ANDI R24,BYTE3(@0)
                 	ANDI R25,BYTE4(@0)
                 	.ENDM
                 
                 	.MACRO __ORBMNN
                 	LDS  R30,@0+(@1)
                 	ORI  R30,LOW(@2)
                 	STS  @0+(@1),R30
                 	.ENDM
                 
                 	.MACRO __ORWMNN
                 	LDS  R30,@0+(@1)
                 	ORI  R30,LOW(@2)
                 	STS  @0+(@1),R30
                 	LDS  R30,@0+(@1)+1
                 	ORI  R30,HIGH(@2)
                 	STS  @0+(@1)+1,R30
                 	.ENDM
                 
                 	.MACRO __ORD1N
                 	ORI  R30,LOW(@0)
                 	ORI  R31,HIGH(@0)
                 	ORI  R22,BYTE3(@0)
                 	ORI  R23,BYTE4(@0)
                 	.ENDM
                 
                 	.MACRO __ORD2N
                 	ORI  R26,LOW(@0)
                 	ORI  R27,HIGH(@0)
                 	ORI  R24,BYTE3(@0)
                 	ORI  R25,BYTE4(@0)
                 	.ENDM
                 
                 	.MACRO __DELAY_USB
                 	LDI  R24,LOW(@0)
                 __DELAY_USB_LOOP:
                 	DEC  R24
                 	BRNE __DELAY_USB_LOOP
                 	.ENDM
                 
                 	.MACRO __DELAY_USW
                 	LDI  R24,LOW(@0)
                 	LDI  R25,HIGH(@0)
                 __DELAY_USW_LOOP:
                 	SBIW R24,1
                 	BRNE __DELAY_USW_LOOP
                 	.ENDM
                 
                 	.MACRO __GETD1S
                 	LDD  R30,Y+@0
                 	LDD  R31,Y+@0+1
                 	LDD  R22,Y+@0+2
                 	LDD  R23,Y+@0+3
                 	.ENDM
                 
                 	.MACRO __GETD2S
                 	LDD  R26,Y+@0
                 	LDD  R27,Y+@0+1
                 	LDD  R24,Y+@0+2
                 	LDD  R25,Y+@0+3
                 	.ENDM
                 
                 	.MACRO __PUTD1S
                 	STD  Y+@0,R30
                 	STD  Y+@0+1,R31
                 	STD  Y+@0+2,R22
                 	STD  Y+@0+3,R23
                 	.ENDM
                 
                 	.MACRO __PUTD2S
                 	STD  Y+@0,R26
                 	STD  Y+@0+1,R27
                 	STD  Y+@0+2,R24
                 	STD  Y+@0+3,R25
                 	.ENDM
                 
                 	.MACRO __PUTDZ2
                 	STD  Z+@0,R26
                 	STD  Z+@0+1,R27
                 	STD  Z+@0+2,R24
                 	STD  Z+@0+3,R25
                 	.ENDM
                 
                 	.MACRO __CLRD1S
                 	STD  Y+@0,R30
                 	STD  Y+@0+1,R30
                 	STD  Y+@0+2,R30
                 	STD  Y+@0+3,R30
                 	.ENDM
                 
                 	.MACRO __POINTB1MN
                 	LDI  R30,LOW(@0+(@1))
                 	.ENDM
                 
                 	.MACRO __POINTW1MN
                 	LDI  R30,LOW(@0+(@1))
                 	LDI  R31,HIGH(@0+(@1))
                 	.ENDM
                 
                 	.MACRO __POINTD1M
                 	LDI  R30,LOW(@0)
                 	LDI  R31,HIGH(@0)
                 	LDI  R22,BYTE3(@0)
                 	LDI  R23,BYTE4(@0)
                 	.ENDM
                 
                 	.MACRO __POINTW1FN
                 	LDI  R30,LOW(2*@0+(@1))
                 	LDI  R31,HIGH(2*@0+(@1))
                 	.ENDM
                 
                 	.MACRO __POINTD1FN
                 	LDI  R30,LOW(2*@0+(@1))
                 	LDI  R31,HIGH(2*@0+(@1))
                 	LDI  R22,BYTE3(2*@0+(@1))
                 	LDI  R23,BYTE4(2*@0+(@1))
                 	.ENDM
                 
                 	.MACRO __POINTB2MN
                 	LDI  R26,LOW(@0+(@1))
                 	.ENDM
                 
                 	.MACRO __POINTW2MN
                 	LDI  R26,LOW(@0+(@1))
                 	LDI  R27,HIGH(@0+(@1))
                 	.ENDM
                 
                 	.MACRO __POINTW2FN
                 	LDI  R26,LOW(2*@0+(@1))
                 	LDI  R27,HIGH(2*@0+(@1))
                 	.ENDM
                 
                 	.MACRO __POINTD2FN
                 	LDI  R26,LOW(2*@0+(@1))
                 	LDI  R27,HIGH(2*@0+(@1))
                 	LDI  R24,BYTE3(2*@0+(@1))
                 	LDI  R25,BYTE4(2*@0+(@1))
                 	.ENDM
                 
                 	.MACRO __POINTBRM
                 	LDI  R@0,LOW(@1)
                 	.ENDM
                 
                 	.MACRO __POINTWRM
                 	LDI  R@0,LOW(@2)
                 	LDI  R@1,HIGH(@2)
                 	.ENDM
                 
                 	.MACRO __POINTBRMN
                 	LDI  R@0,LOW(@1+(@2))
                 	.ENDM
                 
                 	.MACRO __POINTWRMN
                 	LDI  R@0,LOW(@2+(@3))
                 	LDI  R@1,HIGH(@2+(@3))
                 	.ENDM
                 
                 	.MACRO __POINTWRFN
                 	LDI  R@0,LOW(@2*2+(@3))
                 	LDI  R@1,HIGH(@2*2+(@3))
                 	.ENDM
                 
                 	.MACRO __GETD1N
                 	LDI  R30,LOW(@0)
                 	LDI  R31,HIGH(@0)
                 	LDI  R22,BYTE3(@0)
                 	LDI  R23,BYTE4(@0)
                 	.ENDM
                 
                 	.MACRO __GETD2N
                 	LDI  R26,LOW(@0)
                 	LDI  R27,HIGH(@0)
                 	LDI  R24,BYTE3(@0)
                 	LDI  R25,BYTE4(@0)
                 	.ENDM
                 
                 	.MACRO __GETB1MN
                 	LDS  R30,@0+(@1)
                 	.ENDM
                 
                 	.MACRO __GETB1HMN
                 	LDS  R31,@0+(@1)
                 	.ENDM
                 
                 	.MACRO __GETW1MN
                 	LDS  R30,@0+(@1)
                 	LDS  R31,@0+(@1)+1
                 	.ENDM
                 
                 	.MACRO __GETD1MN
                 	LDS  R30,@0+(@1)
                 	LDS  R31,@0+(@1)+1
                 	LDS  R22,@0+(@1)+2
                 	LDS  R23,@0+(@1)+3
                 	.ENDM
                 
                 	.MACRO __GETBRMN
                 	LDS  R@0,@1+(@2)
                 	.ENDM
                 
                 	.MACRO __GETWRMN
                 	LDS  R@0,@2+(@3)
                 	LDS  R@1,@2+(@3)+1
                 	.ENDM
                 
                 	.MACRO __GETWRZ
                 	LDD  R@0,Z+@2
                 	LDD  R@1,Z+@2+1
                 	.ENDM
                 
                 	.MACRO __GETD2Z
                 	LDD  R26,Z+@0
                 	LDD  R27,Z+@0+1
                 	LDD  R24,Z+@0+2
                 	LDD  R25,Z+@0+3
                 	.ENDM
                 
                 	.MACRO __GETB2MN
                 	LDS  R26,@0+(@1)
                 	.ENDM
                 
                 	.MACRO __GETW2MN
                 	LDS  R26,@0+(@1)
                 	LDS  R27,@0+(@1)+1
                 	.ENDM
                 
                 	.MACRO __GETD2MN
                 	LDS  R26,@0+(@1)
                 	LDS  R27,@0+(@1)+1
                 	LDS  R24,@0+(@1)+2
                 	LDS  R25,@0+(@1)+3
                 	.ENDM
                 
                 	.MACRO __PUTB1MN
                 	STS  @0+(@1),R30
                 	.ENDM
                 
                 	.MACRO __PUTW1MN
                 	STS  @0+(@1),R30
                 	STS  @0+(@1)+1,R31
                 	.ENDM
                 
                 	.MACRO __PUTD1MN
                 	STS  @0+(@1),R30
                 	STS  @0+(@1)+1,R31
                 	STS  @0+(@1)+2,R22
                 	STS  @0+(@1)+3,R23
                 	.ENDM
                 
                 	.MACRO __PUTB1EN
                 	LDI  R26,LOW(@0+(@1))
                 	LDI  R27,HIGH(@0+(@1))
                 	CALL __EEPROMWRB
                 	.ENDM
                 
                 	.MACRO __PUTW1EN
                 	LDI  R26,LOW(@0+(@1))
                 	LDI  R27,HIGH(@0+(@1))
                 	CALL __EEPROMWRW
                 	.ENDM
                 
                 	.MACRO __PUTD1EN
                 	LDI  R26,LOW(@0+(@1))
                 	LDI  R27,HIGH(@0+(@1))
                 	CALL __EEPROMWRD
                 	.ENDM
                 
                 	.MACRO __PUTBR0MN
                 	STS  @0+(@1),R0
                 	.ENDM
                 
                 	.MACRO __PUTBMRN
                 	STS  @0+(@1),R@2
                 	.ENDM
                 
                 	.MACRO __PUTWMRN
                 	STS  @0+(@1),R@2
                 	STS  @0+(@1)+1,R@3
                 	.ENDM
                 
                 	.MACRO __PUTBZR
                 	STD  Z+@1,R@0
                 	.ENDM
                 
                 	.MACRO __PUTWZR
                 	STD  Z+@2,R@0
                 	STD  Z+@2+1,R@1
                 	.ENDM
                 
                 	.MACRO __GETW1R
                 	MOV  R30,R@0
                 	MOV  R31,R@1
                 	.ENDM
                 
                 	.MACRO __GETW2R
                 	MOV  R26,R@0
                 	MOV  R27,R@1
                 	.ENDM
                 
                 	.MACRO __GETWRN
                 	LDI  R@0,LOW(@2)
                 	LDI  R@1,HIGH(@2)
                 	.ENDM
                 
                 	.MACRO __PUTW1R
                 	MOV  R@0,R30
                 	MOV  R@1,R31
                 	.ENDM
                 
                 	.MACRO __PUTW2R
                 	MOV  R@0,R26
                 	MOV  R@1,R27
                 	.ENDM
                 
                 	.MACRO __ADDWRN
                 	SUBI R@0,LOW(-@2)
                 	SBCI R@1,HIGH(-@2)
                 	.ENDM
                 
                 	.MACRO __ADDWRR
                 	ADD  R@0,R@2
                 	ADC  R@1,R@3
                 	.ENDM
                 
                 	.MACRO __SUBWRN
                 	SUBI R@0,LOW(@2)
                 	SBCI R@1,HIGH(@2)
                 	.ENDM
                 
                 	.MACRO __SUBWRR
                 	SUB  R@0,R@2
                 	SBC  R@1,R@3
                 	.ENDM
                 
                 	.MACRO __ANDWRN
                 	ANDI R@0,LOW(@2)
                 	ANDI R@1,HIGH(@2)
                 	.ENDM
                 
                 	.MACRO __ANDWRR
                 	AND  R@0,R@2
                 	AND  R@1,R@3
                 	.ENDM
                 
                 	.MACRO __ORWRN
                 	ORI  R@0,LOW(@2)
                 	ORI  R@1,HIGH(@2)
                 	.ENDM
                 
                 	.MACRO __ORWRR
                 	OR   R@0,R@2
                 	OR   R@1,R@3
                 	.ENDM
                 
                 	.MACRO __EORWRR
                 	EOR  R@0,R@2
                 	EOR  R@1,R@3
                 	.ENDM
                 
                 	.MACRO __GETWRS
                 	LDD  R@0,Y+@2
                 	LDD  R@1,Y+@2+1
                 	.ENDM
                 
                 	.MACRO __PUTBSR
                 	STD  Y+@1,R@0
                 	.ENDM
                 
                 	.MACRO __PUTWSR
                 	STD  Y+@2,R@0
                 	STD  Y+@2+1,R@1
                 	.ENDM
                 
                 	.MACRO __MOVEWRR
                 	MOV  R@0,R@2
                 	MOV  R@1,R@3
                 	.ENDM
                 
                 	.MACRO __INWR
                 	IN   R@0,@2
                 	IN   R@1,@2+1
                 	.ENDM
                 
                 	.MACRO __OUTWR
                 	OUT  @2+1,R@1
                 	OUT  @2,R@0
                 	.ENDM
                 
                 	.MACRO __CALL1MN
                 	LDS  R30,@0+(@1)
                 	LDS  R31,@0+(@1)+1
                 	ICALL
                 	.ENDM
                 
                 	.MACRO __CALL1FN
                 	LDI  R30,LOW(2*@0+(@1))
                 	LDI  R31,HIGH(2*@0+(@1))
                 	CALL __GETW1PF
                 	ICALL
                 	.ENDM
                 
                 	.MACRO __CALL2EN
                 	PUSH R26
                 	PUSH R27
                 	LDI  R26,LOW(@0+(@1))
                 	LDI  R27,HIGH(@0+(@1))
                 	CALL __EEPROMRDW
                 	POP  R27
                 	POP  R26
                 	ICALL
                 	.ENDM
                 
                 	.MACRO __CALL2EX
                 	SUBI R26,LOW(-@0)
                 	SBCI R27,HIGH(-@0)
                 	CALL __EEPROMRDD
                 	ICALL
                 	.ENDM
                 
                 	.MACRO __GETW1STACK
                 	IN   R30,SPL
                 	IN   R31,SPH
                 	ADIW R30,@0+1
                 	LD   R0,Z+
                 	LD   R31,Z
                 	MOV  R30,R0
                 	.ENDM
                 
                 	.MACRO __GETD1STACK
                 	IN   R30,SPL
                 	IN   R31,SPH
                 	ADIW R30,@0+1
                 	LD   R0,Z+
                 	LD   R1,Z+
                 	LD   R22,Z
                 	MOVW R30,R0
                 	.ENDM
                 
                 	.MACRO __NBST
                 	BST  R@0,@1
                 	IN   R30,SREG
                 	LDI  R31,0x40
                 	EOR  R30,R31
                 	OUT  SREG,R30
                 	.ENDM
                 
                 
                 	.MACRO __PUTB1SN
                 	LDD  R26,Y+@0
                 	LDD  R27,Y+@0+1
                 	SUBI R26,LOW(-@1)
                 	SBCI R27,HIGH(-@1)
                 	ST   X,R30
                 	.ENDM
                 
                 	.MACRO __PUTW1SN
                 	LDD  R26,Y+@0
                 	LDD  R27,Y+@0+1
                 	SUBI R26,LOW(-@1)
                 	SBCI R27,HIGH(-@1)
                 	ST   X+,R30
                 	ST   X,R31
                 	.ENDM
                 
                 	.MACRO __PUTD1SN
                 	LDD  R26,Y+@0
                 	LDD  R27,Y+@0+1
                 	SUBI R26,LOW(-@1)
                 	SBCI R27,HIGH(-@1)
                 	CALL __PUTDP1
                 	.ENDM
                 
                 	.MACRO __PUTB1SNS
                 	LDD  R26,Y+@0
                 	LDD  R27,Y+@0+1
                 	ADIW R26,@1
                 	ST   X,R30
                 	.ENDM
                 
                 	.MACRO __PUTW1SNS
                 	LDD  R26,Y+@0
                 	LDD  R27,Y+@0+1
                 	ADIW R26,@1
                 	ST   X+,R30
                 	ST   X,R31
                 	.ENDM
                 
                 	.MACRO __PUTD1SNS
                 	LDD  R26,Y+@0
                 	LDD  R27,Y+@0+1
                 	ADIW R26,@1
                 	CALL __PUTDP1
                 	.ENDM
                 
                 	.MACRO __PUTB1PMN
                 	LDS  R26,@0
                 	LDS  R27,@0+1
                 	SUBI R26,LOW(-@1)
                 	SBCI R27,HIGH(-@1)
                 	ST   X,R30
                 	.ENDM
                 
                 	.MACRO __PUTW1PMN
                 	LDS  R26,@0
                 	LDS  R27,@0+1
                 	SUBI R26,LOW(-@1)
                 	SBCI R27,HIGH(-@1)
                 	ST   X+,R30
                 	ST   X,R31
                 	.ENDM
                 
                 	.MACRO __PUTD1PMN
                 	LDS  R26,@0
                 	LDS  R27,@0+1
                 	SUBI R26,LOW(-@1)
                 	SBCI R27,HIGH(-@1)
                 	CALL __PUTDP1
                 	.ENDM
                 
                 	.MACRO __PUTB1PMNS
                 	LDS  R26,@0
                 	LDS  R27,@0+1
                 	ADIW R26,@1
                 	ST   X,R30
                 	.ENDM
                 
                 	.MACRO __PUTW1PMNS
                 	LDS  R26,@0
                 	LDS  R27,@0+1
                 	ADIW R26,@1
                 	ST   X+,R30
                 	ST   X,R31
                 	.ENDM
                 
                 	.MACRO __PUTD1PMNS
                 	LDS  R26,@0
                 	LDS  R27,@0+1
                 	ADIW R26,@1
                 	CALL __PUTDP1
                 	.ENDM
                 
                 	.MACRO __PUTB1RN
                 	MOVW R26,R@0
                 	SUBI R26,LOW(-@1)
                 	SBCI R27,HIGH(-@1)
                 	ST   X,R30
                 	.ENDM
                 
                 	.MACRO __PUTW1RN
                 	MOVW R26,R@0
                 	SUBI R26,LOW(-@1)
                 	SBCI R27,HIGH(-@1)
                 	ST   X+,R30
                 	ST   X,R31
                 	.ENDM
                 
                 	.MACRO __PUTD1RN
                 	MOVW R26,R@0
                 	SUBI R26,LOW(-@1)
                 	SBCI R27,HIGH(-@1)
                 	CALL __PUTDP1
                 	.ENDM
                 
                 	.MACRO __PUTB1RNS
                 	MOVW R26,R@0
                 	ADIW R26,@1
                 	ST   X,R30
                 	.ENDM
                 
                 	.MACRO __PUTW1RNS
                 	MOVW R26,R@0
                 	ADIW R26,@1
                 	ST   X+,R30
                 	ST   X,R31
                 	.ENDM
                 
                 	.MACRO __PUTD1RNS
                 	MOVW R26,R@0
                 	ADIW R26,@1
                 	CALL __PUTDP1
                 	.ENDM
                 
                 	.MACRO __PUTB1RON
                 	MOV  R26,R@0
                 	MOV  R27,R@1
                 	SUBI R26,LOW(-@2)
                 	SBCI R27,HIGH(-@2)
                 	ST   X,R30
                 	.ENDM
                 
                 	.MACRO __PUTW1RON
                 	MOV  R26,R@0
                 	MOV  R27,R@1
                 	SUBI R26,LOW(-@2)
                 	SBCI R27,HIGH(-@2)
                 	ST   X+,R30
                 	ST   X,R31
                 	.ENDM
                 
                 	.MACRO __PUTD1RON
                 	MOV  R26,R@0
                 	MOV  R27,R@1
                 	SUBI R26,LOW(-@2)
                 	SBCI R27,HIGH(-@2)
                 	CALL __PUTDP1
                 	.ENDM
                 
                 	.MACRO __PUTB1RONS
                 	MOV  R26,R@0
                 	MOV  R27,R@1
                 	ADIW R26,@2
                 	ST   X,R30
                 	.ENDM
                 
                 	.MACRO __PUTW1RONS
                 	MOV  R26,R@0
                 	MOV  R27,R@1
                 	ADIW R26,@2
                 	ST   X+,R30
                 	ST   X,R31
                 	.ENDM
                 
                 	.MACRO __PUTD1RONS
                 	MOV  R26,R@0
                 	MOV  R27,R@1
                 	ADIW R26,@2
                 	CALL __PUTDP1
                 	.ENDM
                 
                 
                 	.MACRO __GETB1SX
                 	MOVW R30,R28
                 	SUBI R30,LOW(-@0)
                 	SBCI R31,HIGH(-@0)
                 	LD   R30,Z
                 	.ENDM
                 
                 	.MACRO __GETB1HSX
                 	MOVW R30,R28
                 	SUBI R30,LOW(-@0)
                 	SBCI R31,HIGH(-@0)
                 	LD   R31,Z
                 	.ENDM
                 
                 	.MACRO __GETW1SX
                 	MOVW R30,R28
                 	SUBI R30,LOW(-@0)
                 	SBCI R31,HIGH(-@0)
                 	LD   R0,Z+
                 	LD   R31,Z
                 	MOV  R30,R0
                 	.ENDM
                 
                 	.MACRO __GETD1SX
                 	MOVW R30,R28
                 	SUBI R30,LOW(-@0)
                 	SBCI R31,HIGH(-@0)
                 	LD   R0,Z+
                 	LD   R1,Z+
                 	LD   R22,Z+
                 	LD   R23,Z
                 	MOVW R30,R0
                 	.ENDM
                 
                 	.MACRO __GETB2SX
                 	MOVW R26,R28
                 	SUBI R26,LOW(-@0)
                 	SBCI R27,HIGH(-@0)
                 	LD   R26,X
                 	.ENDM
                 
                 	.MACRO __GETW2SX
                 	MOVW R26,R28
                 	SUBI R26,LOW(-@0)
                 	SBCI R27,HIGH(-@0)
                 	LD   R0,X+
                 	LD   R27,X
                 	MOV  R26,R0
                 	.ENDM
                 
                 	.MACRO __GETD2SX
                 	MOVW R26,R28
                 	SUBI R26,LOW(-@0)
                 	SBCI R27,HIGH(-@0)
                 	LD   R0,X+
                 	LD   R1,X+
                 	LD   R24,X+
                 	LD   R25,X
                 	MOVW R26,R0
                 	.ENDM
                 
                 	.MACRO __GETBRSX
                 	MOVW R30,R28
                 	SUBI R30,LOW(-@1)
                 	SBCI R31,HIGH(-@1)
                 	LD   R@0,Z
                 	.ENDM
                 
                 	.MACRO __GETWRSX
                 	MOVW R30,R28
                 	SUBI R30,LOW(-@2)
                 	SBCI R31,HIGH(-@2)
                 	LD   R@0,Z+
                 	LD   R@1,Z
                 	.ENDM
                 
                 	.MACRO __GETBRSX2
                 	MOVW R26,R28
                 	SUBI R26,LOW(-@1)
                 	SBCI R27,HIGH(-@1)
                 	LD   R@0,X
                 	.ENDM
                 
                 	.MACRO __GETWRSX2
                 	MOVW R26,R28
                 	SUBI R26,LOW(-@2)
                 	SBCI R27,HIGH(-@2)
                 	LD   R@0,X+
                 	LD   R@1,X
                 	.ENDM
                 
                 	.MACRO __LSLW8SX
                 	MOVW R30,R28
                 	SUBI R30,LOW(-@0)
                 	SBCI R31,HIGH(-@0)
                 	LD   R31,Z
                 	CLR  R30
                 	.ENDM
                 
                 	.MACRO __PUTB1SX
                 	MOVW R26,R28
                 	SUBI R26,LOW(-@0)
                 	SBCI R27,HIGH(-@0)
                 	ST   X,R30
                 	.ENDM
                 
                 	.MACRO __PUTW1SX
                 	MOVW R26,R28
                 	SUBI R26,LOW(-@0)
                 	SBCI R27,HIGH(-@0)
                 	ST   X+,R30
                 	ST   X,R31
                 	.ENDM
                 
                 	.MACRO __PUTD1SX
                 	MOVW R26,R28
                 	SUBI R26,LOW(-@0)
                 	SBCI R27,HIGH(-@0)
                 	ST   X+,R30
                 	ST   X+,R31
                 	ST   X+,R22
                 	ST   X,R23
                 	.ENDM
                 
                 	.MACRO __CLRW1SX
                 	MOVW R26,R28
                 	SUBI R26,LOW(-@0)
                 	SBCI R27,HIGH(-@0)
                 	ST   X+,R30
                 	ST   X,R30
                 	.ENDM
                 
                 	.MACRO __CLRD1SX
                 	MOVW R26,R28
                 	SUBI R26,LOW(-@0)
                 	SBCI R27,HIGH(-@0)
                 	ST   X+,R30
                 	ST   X+,R30
                 	ST   X+,R30
                 	ST   X,R30
                 	.ENDM
                 
                 	.MACRO __PUTB2SX
                 	MOVW R30,R28
                 	SUBI R30,LOW(-@0)
                 	SBCI R31,HIGH(-@0)
                 	ST   Z,R26
                 	.ENDM
                 
                 	.MACRO __PUTW2SX
                 	MOVW R30,R28
                 	SUBI R30,LOW(-@0)
                 	SBCI R31,HIGH(-@0)
                 	ST   Z+,R26
                 	ST   Z,R27
                 	.ENDM
                 
                 	.MACRO __PUTD2SX
                 	MOVW R30,R28
                 	SUBI R30,LOW(-@0)
                 	SBCI R31,HIGH(-@0)
                 	ST   Z+,R26
                 	ST   Z+,R27
                 	ST   Z+,R24
                 	ST   Z,R25
                 	.ENDM
                 
                 	.MACRO __PUTBSRX
                 	MOVW R30,R28
                 	SUBI R30,LOW(-@1)
                 	SBCI R31,HIGH(-@1)
                 	ST   Z,R@0
                 	.ENDM
                 
                 	.MACRO __PUTWSRX
                 	MOVW R30,R28
                 	SUBI R30,LOW(-@2)
                 	SBCI R31,HIGH(-@2)
                 	ST   Z+,R@0
                 	ST   Z,R@1
                 	.ENDM
                 
                 	.MACRO __PUTB1SNX
                 	MOVW R26,R28
                 	SUBI R26,LOW(-@0)
                 	SBCI R27,HIGH(-@0)
                 	LD   R0,X+
                 	LD   R27,X
                 	MOV  R26,R0
                 	SUBI R26,LOW(-@1)
                 	SBCI R27,HIGH(-@1)
                 	ST   X,R30
                 	.ENDM
                 
                 	.MACRO __PUTW1SNX
                 	MOVW R26,R28
                 	SUBI R26,LOW(-@0)
                 	SBCI R27,HIGH(-@0)
                 	LD   R0,X+
                 	LD   R27,X
                 	MOV  R26,R0
                 	SUBI R26,LOW(-@1)
                 	SBCI R27,HIGH(-@1)
                 	ST   X+,R30
                 	ST   X,R31
                 	.ENDM
                 
                 	.MACRO __PUTD1SNX
                 	MOVW R26,R28
                 	SUBI R26,LOW(-@0)
                 	SBCI R27,HIGH(-@0)
                 	LD   R0,X+
                 	LD   R27,X
                 	MOV  R26,R0
                 	SUBI R26,LOW(-@1)
                 	SBCI R27,HIGH(-@1)
                 	ST   X+,R30
                 	ST   X+,R31
                 	ST   X+,R22
                 	ST   X,R23
                 	.ENDM
                 
                 	.MACRO __MULBRR
                 	MULS R@0,R@1
                 	MOVW R30,R0
                 	.ENDM
                 
                 	.MACRO __MULBRRU
                 	MUL  R@0,R@1
                 	MOVW R30,R0
                 	.ENDM
                 
                 	.MACRO __MULBRR0
                 	MULS R@0,R@1
                 	.ENDM
                 
                 	.MACRO __MULBRRU0
                 	MUL  R@0,R@1
                 	.ENDM
                 
                 	.MACRO __MULBNWRU
                 	LDI  R26,@2
                 	MUL  R26,R@0
                 	MOVW R30,R0
                 	MUL  R26,R@1
                 	ADD  R31,R0
                 	.ENDM
                 
                 	.CSEG
                 	.ORG 0x00
                 
                 ;START OF CODE MARKER
                 __START_OF_CODE:
                 
                 ;INTERRUPT VECTORS
000000 940c 0043 	JMP  __RESET
000002 940c 0000 	JMP  0x00
000004 940c 0000 	JMP  0x00
000006 940c 0000 	JMP  0x00
000008 940c 0000 	JMP  0x00
00000a 940c 0000 	JMP  0x00
00000c 940c 0000 	JMP  0x00
00000e 940c 0000 	JMP  0x00
000010 940c 0000 	JMP  0x00
000012 940c 0000 	JMP  0x00
000014 940c 0000 	JMP  0x00
000016 940c 0000 	JMP  0x00
000018 940c 0000 	JMP  0x00
00001a 940c 0000 	JMP  0x00
00001c 940c 0000 	JMP  0x00
00001e 940c 0000 	JMP  0x00
000020 940c 0000 	JMP  0x00
000022 940c 0000 	JMP  0x00
000024 940c 0000 	JMP  0x00
000026 940c 0000 	JMP  0x00
000028 940c 0000 	JMP  0x00
                 
                 _0x26:
00002a 063f
00002b 4f5b
00002c 6d66
00002d 077d      	.DB  0x3F,0x6,0x5B,0x4F,0x66,0x6D,0x7D,0x7
00002e 6f7f      	.DB  0x7F,0x6F
                 _0x32:
00002f 86bf
000030 cfdb
000031 ede6
000032 87fd      	.DB  0xBF,0x86,0xDB,0xCF,0xE6,0xED,0xFD,0x87
000033 efff
000034 063f
000035 4f5b
000036 6d66      	.DB  0xFF,0xEF,0x3F,0x6,0x5B,0x4F,0x66,0x6D
000037 077d
000038 6f7f      	.DB  0x7D,0x7,0x7F,0x6F
                 _0x37:
000039 86bf
00003a cfdb
00003b ede6
00003c 87fd      	.DB  0xBF,0x86,0xDB,0xCF,0xE6,0xED,0xFD,0x87
00003d efff
00003e 063f
00003f 4f5b
000040 6d66      	.DB  0xFF,0xEF,0x3F,0x6,0x5B,0x4F,0x66,0x6D
000041 077d
000042 6f7f      	.DB  0x7D,0x7,0x7F,0x6F
                 __RESET:
000043 94f8      	CLI
000044 27ee      	CLR  R30
000045 bbec      	OUT  EECR,R30
                 
                 ;INTERRUPT VECTORS ARE PLACED
                 ;AT THE START OF FLASH
000046 e0f1      	LDI  R31,1
000047 bffb      	OUT  GICR,R31
000048 bfeb      	OUT  GICR,R30
000049 bfe5      	OUT  MCUCR,R30
                 
                 ;CLEAR R2-R14
00004a e08d      	LDI  R24,(14-2)+1
00004b e0a2      	LDI  R26,2
00004c 27bb      	CLR  R27
                 __CLEAR_REG:
00004d 93ed      	ST   X+,R30
00004e 958a      	DEC  R24
00004f f7e9      	BRNE __CLEAR_REG
                 
                 ;CLEAR SRAM
000050 e080      	LDI  R24,LOW(__CLEAR_SRAM_SIZE)
000051 e094      	LDI  R25,HIGH(__CLEAR_SRAM_SIZE)
000052 e6a0      	LDI  R26,__SRAM_START
                 __CLEAR_SRAM:
000053 93ed      	ST   X+,R30
000054 9701      	SBIW R24,1
000055 f7e9      	BRNE __CLEAR_SRAM
                 
                 ;HARDWARE STACK POINTER INITIALIZATION
000056 e5ef      	LDI  R30,LOW(__SRAM_END-__HEAP_SIZE)
000057 bfed      	OUT  SPL,R30
000058 e0e4      	LDI  R30,HIGH(__SRAM_END-__HEAP_SIZE)
000059 bfee      	OUT  SPH,R30
                 
                 ;DATA STACK POINTER INITIALIZATION
00005a e6c0      	LDI  R28,LOW(__SRAM_START+__DSTACK_SIZE)
00005b e0d1      	LDI  R29,HIGH(__SRAM_START+__DSTACK_SIZE)
                 
00005c 940c 0136 	JMP  _main
                 
                 	.ESEG
                 	.ORG 0
                 
                 	.DSEG
                 	.ORG 0x160
                 
                 	.CSEG
                 ;/*******************************************************
                 ;This program was created by the
                 ;CodeWizardAVR V3.12 Advanced
                 ;Automatic Program Generator
                 ;© Copyright 1998-2014 Pavel Haiduc, HP InfoTech s.r.l.
                 ;http://www.hpinfotech.com
                 ;
                 ;Project :
                 ;Version :
                 ;Date    : 2020-10-04
                 ;Author  :
                 ;Company :
                 ;Comments:
                 ;
                 ;
                 ;Chip type               : ATmega16
                 ;Program type            : Application
                 ;AVR Core Clock frequency: 8.000000 MHz
                 ;Memory model            : Small
                 ;External RAM size       : 0
                 ;Data Stack size         : 256
                 ;*******************************************************/
                 ;
                 ;#include <mega16.h>
                 	#ifndef __SLEEP_DEFINED__
                 	#define __SLEEP_DEFINED__
                 	.EQU __se_bit=0x40
                 	.EQU __sm_mask=0xB0
                 	.EQU __sm_powerdown=0x20
                 	.EQU __sm_powersave=0x30
                 	.EQU __sm_standby=0xA0
                 	.EQU __sm_ext_standby=0xB0
                 	.EQU __sm_adc_noise_red=0x10
                 	.SET power_ctrl_reg=mcucr
                 	#endif
                 ;#include <delay.h>
                 ;// Declare your global variables here
                 ;void Subroutine_1(void)
                 ; 0000 001C {
                 
                 	.CSEG
                 _Subroutine_1:
                 ; .FSTART _Subroutine_1
                 ; 0000 001D     int counter = 0;
                 ; 0000 001E     for (counter = 0; counter < 4; counter++)
00005e 931a      	ST   -Y,R17
00005f 930a      	ST   -Y,R16
                 ;	counter -> R16,R17
                +
000060 e000     +LDI R16 , LOW ( 0 )
000061 e010     +LDI R17 , HIGH ( 0 )
                 	__GETWRN 16,17,0
                +
000062 e000     +LDI R16 , LOW ( 0 )
000063 e010     +LDI R17 , HIGH ( 0 )
                 	__GETWRN 16,17,0
                 _0x4:
                +
000064 3004     +CPI R16 , LOW ( 4 )
000065 e0e0     +LDI R30 , HIGH ( 4 )
000066 071e     +CPC R17 , R30
                 	__CPWRN 16,17,4
000067 f47c      	BRGE _0x5
                 ; 0000 001F     {
                 ; 0000 0020         PORTB = 0xFF;
000068 efef      	LDI  R30,LOW(255)
000069 bbe8      	OUT  0x18,R30
                 ; 0000 0021         delay_ms(500);
00006a efa4      	LDI  R26,LOW(500)
00006b e0b1      	LDI  R27,HIGH(500)
00006c 940e 01ed 	CALL _delay_ms
                 ; 0000 0022         PORTB = 0x00;
00006e e0e0      	LDI  R30,LOW(0)
00006f bbe8      	OUT  0x18,R30
                 ; 0000 0023         delay_ms(500);
000070 efa4      	LDI  R26,LOW(500)
000071 e0b1      	LDI  R27,HIGH(500)
000072 940e 01ed 	CALL _delay_ms
                 ; 0000 0024     }
                +
000074 5f0f     +SUBI R16 , LOW ( - 1 )
000075 4f1f     +SBCI R17 , HIGH ( - 1 )
                 	__ADDWRN 16,17,1
000076 cfed      	RJMP _0x4
                 _0x5:
                 ; 0000 0025 }
000077 c01f      	RJMP _0x2000001
                 ; .FEND
                 ;void Subroutine_2(void)
                 ; 0000 0027 {
                 _Subroutine_2:
                 ; .FSTART _Subroutine_2
                 ; 0000 0028         //3000/8=375
                 ; 0000 0029       PORTB.0 = 1;delay_ms(375);PORTB.0 = 0;
000078 9ac0      	SBI  0x18,0
000079 d0d3      	RCALL SUBOPT_0x0
00007a 98c0      	CBI  0x18,0
                 ; 0000 002A 
                 ; 0000 002B       PORTB.1 = 1;delay_ms(375);PORTB.1 = 0;
00007b 9ac1      	SBI  0x18,1
00007c d0d0      	RCALL SUBOPT_0x0
00007d 98c1      	CBI  0x18,1
                 ; 0000 002C 
                 ; 0000 002D       PORTB.2 = 1;delay_ms(375);PORTB.2 = 0;
00007e 9ac2      	SBI  0x18,2
00007f d0cd      	RCALL SUBOPT_0x0
000080 98c2      	CBI  0x18,2
                 ; 0000 002E 
                 ; 0000 002F       PORTB.3 = 1;delay_ms(375);PORTB.3 = 0;
000081 9ac3      	SBI  0x18,3
000082 d0ca      	RCALL SUBOPT_0x0
000083 98c3      	CBI  0x18,3
                 ; 0000 0030 
                 ; 0000 0031       PORTB.4 = 1;delay_ms(375);PORTB.4 = 0;
000084 9ac4      	SBI  0x18,4
000085 d0c7      	RCALL SUBOPT_0x0
000086 98c4      	CBI  0x18,4
                 ; 0000 0032 
                 ; 0000 0033       PORTB.5 = 1;delay_ms(375);PORTB.5 = 0;
000087 9ac5      	SBI  0x18,5
000088 d0c4      	RCALL SUBOPT_0x0
000089 98c5      	CBI  0x18,5
                 ; 0000 0034 
                 ; 0000 0035       PORTB.6 = 1;delay_ms(375);PORTB.6 = 0;
00008a 9ac6      	SBI  0x18,6
00008b d0c1      	RCALL SUBOPT_0x0
00008c 98c6      	CBI  0x18,6
                 ; 0000 0036 
                 ; 0000 0037       PORTB.7 = 1;delay_ms(375);PORTB.7 = 0;
00008d 9ac7      	SBI  0x18,7
00008e d0be      	RCALL SUBOPT_0x0
00008f 98c7      	CBI  0x18,7
                 ; 0000 0038 }
000090 9508      	RET
                 ; .FEND
                 ;void Subroutine_3(void)
                 ; 0000 003A {
                 _Subroutine_3:
                 ; .FSTART _Subroutine_3
                 ; 0000 003B       int a = PINA;
                 ; 0000 003C       PORTB = a;
000091 931a      	ST   -Y,R17
000092 930a      	ST   -Y,R16
                 ;	a -> R16,R17
000093 b3e9      	IN   R30,0x19
000094 e0f0      	LDI  R31,0
000095 018f      	MOVW R16,R30
000096 bb08      	OUT  0x18,R16
                 ; 0000 003D }
                 _0x2000001:
000097 9109      	LD   R16,Y+
000098 9119      	LD   R17,Y+
000099 9508      	RET
                 ; .FEND
                 ;void Subroutine_4(void)
                 ; 0000 003F {
                 _Subroutine_4:
                 ; .FSTART _Subroutine_4
                 ; 0000 0040       int counter = 0;
                 ; 0000 0041       char array[] = {  0b00111111,      // 9  7_segment
                 ; 0000 0042                         0b00000110,      // 8  7_segment
                 ; 0000 0043                         0b01011011,      // 7  7_segment
                 ; 0000 0044                         0b01001111,      // 6  7_segment
                 ; 0000 0045                         0b01100110,      // 5  7_segment
                 ; 0000 0046                         0b01101101,      // 4  7_segment
                 ; 0000 0047                         0b01111101,      // 3  7_segment
                 ; 0000 0048                         0b00000111,      // 2  7_segment
                 ; 0000 0049                         0b01111111,      // 1  7_segment
                 ; 0000 004A                         0b01101111       // 0  7_segment
                 ; 0000 004B                         };
                 ; 0000 004C 
                 ; 0000 004D       PORTD.0 = 0;PORTD.1 = 0;PORTD.2 = 0;PORTD.3 = 0;
00009a 972a      	SBIW R28,10
00009b e08a      	LDI  R24,10
00009c e0a0      	LDI  R26,LOW(0)
00009d e0b0      	LDI  R27,HIGH(0)
00009e e5e4      	LDI  R30,LOW(_0x26*2)
00009f e0f0      	LDI  R31,HIGH(_0x26*2)
0000a0 940e 024d 	CALL __INITLOCB
0000a2 931a      	ST   -Y,R17
0000a3 930a      	ST   -Y,R16
                 ;	counter -> R16,R17
                 ;	array -> Y+2
                +
0000a4 e000     +LDI R16 , LOW ( 0 )
0000a5 e010     +LDI R17 , HIGH ( 0 )
                 	__GETWRN 16,17,0
0000a6 9890      	CBI  0x12,0
0000a7 9891      	CBI  0x12,1
0000a8 9892      	CBI  0x12,2
0000a9 9893      	CBI  0x12,3
                 ; 0000 004E       for (counter = 9; counter>=0 ; counter--)
                +
0000aa e009     +LDI R16 , LOW ( 9 )
0000ab e010     +LDI R17 , HIGH ( 9 )
                 	__GETWRN 16,17,9
                 _0x30:
0000ac 2311      	TST  R17
0000ad f06a      	BRMI _0x31
                 ; 0000 004F       {
                 ; 0000 0050             PORTC = array[counter];
0000ae 01de      	MOVW R26,R28
0000af 9612      	ADIW R26,2
0000b0 0fa0      	ADD  R26,R16
0000b1 1fb1      	ADC  R27,R17
0000b2 91ec      	LD   R30,X
0000b3 bbe5      	OUT  0x15,R30
                 ; 0000 0051             delay_ms(1000);
0000b4 eea8      	LDI  R26,LOW(1000)
0000b5 e0b3      	LDI  R27,HIGH(1000)
0000b6 940e 01ed 	CALL _delay_ms
                 ; 0000 0052       }
                +
0000b8 5001     +SUBI R16 , LOW ( 1 )
0000b9 4010     +SBCI R17 , HIGH ( 1 )
                 	__SUBWRN 16,17,1
0000ba cff1      	RJMP _0x30
                 _0x31:
                 ; 0000 0053 
                 ; 0000 0054 }
0000bb 8119      	LDD  R17,Y+1
0000bc 8108      	LDD  R16,Y+0
0000bd 962c      	ADIW R28,12
0000be 9508      	RET
                 ; .FEND
                 ;void Subroutine_5(void)
                 ; 0000 0056 {
                 _Subroutine_5:
                 ; .FSTART _Subroutine_5
                 ; 0000 0057       char arr[] = {  0b00111111,      // 9  7_segment
                 ; 0000 0058                         0b00000110,      // 8  7_segment
                 ; 0000 0059                         0b01011011,      // 7  7_segment
                 ; 0000 005A                         0b01001111,      // 6  7_segment
                 ; 0000 005B                         0b01100110,      // 5  7_segment
                 ; 0000 005C                         0b01101101,      // 4  7_segment
                 ; 0000 005D                         0b01111101,      // 3  7_segment
                 ; 0000 005E                         0b00000111,      // 2  7_segment
                 ; 0000 005F                         0b01111111,      // 1  7_segment
                 ; 0000 0060                         0b01101111       // 0  7_segment
                 ; 0000 0061                         };
                 ; 0000 0062       char arr2[] = { 0b10111111,     // 9  7_segment with dip points
                 ; 0000 0063                         0b10000110,      // 8  7_segment with dip points
                 ; 0000 0064                         0b11011011,      // 7  7_segment with dip points
                 ; 0000 0065                         0b11001111,      // 6  7_segment with dip points
                 ; 0000 0066                         0b11100110,      // 5  7_segment with dip points
                 ; 0000 0067                         0b11101101,      // 4  7_segment with dip points
                 ; 0000 0068                         0b11111101,      // 3  7_segment with dip points
                 ; 0000 0069                         0b10000111,      // 2  7_segment with dip points
                 ; 0000 006A                         0b11111111,      // 1  7_segment with dip points
                 ; 0000 006B                         0b11101111       // 0  7_segment with dip points
                 ; 0000 006C                         };
                 ; 0000 006D       int number = 0 , counter = 0;
                 ; 0000 006E       unsigned int a0 , a1, a2, a3;
                 ; 0000 006F       unsigned int b0 , b1 , b2 , b3;
                 ; 0000 0070       number = PINA;
0000bf 97a2      	SBIW R28,34
0000c0 e184      	LDI  R24,20
0000c1 e0ae      	LDI  R26,LOW(14)
0000c2 e0b0      	LDI  R27,HIGH(14)
0000c3 e5ee      	LDI  R30,LOW(_0x32*2)
0000c4 e0f0      	LDI  R31,HIGH(_0x32*2)
0000c5 940e 024d 	CALL __INITLOCB
0000c7 d089      	RCALL SUBOPT_0x1
                 ;	arr -> Y+30
                 ;	arr2 -> Y+20
                 ;	number -> R16,R17
                 ;	counter -> R18,R19
                 ;	a0 -> R20,R21
                 ;	a1 -> Y+18
                 ;	a2 -> Y+16
                 ;	a3 -> Y+14
                 ;	b0 -> Y+12
                 ;	b1 -> Y+10
                 ;	b2 -> Y+8
                 ;	b3 -> Y+6
0000c8 d08f      	RCALL SUBOPT_0x2
                 ; 0000 0071       number = number * 10;
                 ; 0000 0072       while (number >= 0)
                 _0x33:
0000c9 2311      	TST  R17
0000ca f0c2      	BRMI _0x35
                 ; 0000 0073       {
                 ; 0000 0074             a0 = number % 10;
0000cb d095      	RCALL SUBOPT_0x3
                 ; 0000 0075             b0 = number / 10;
0000cc d09b      	RCALL SUBOPT_0x4
0000cd d0a0      	RCALL SUBOPT_0x5
                 ; 0000 0076 
                 ; 0000 0077             a1 = b0 % 10;
                 ; 0000 0078             b1 = b0 / 10;
                 ; 0000 0079 
                 ; 0000 007A             a2 = b1 % 10;
                 ; 0000 007B             b2 = b1 / 10;
                 ; 0000 007C 
                 ; 0000 007D             a3 = b2 % 10;
                 ; 0000 007E             b3 = b2 / 10;
                 ; 0000 007F 
                 ; 0000 0080             PORTC = arr[a3];
0000ce d0d4      	RCALL SUBOPT_0x6
                 ; 0000 0081             PORTD = 0b00001110; delay_ms(5);  PORTD = 0b00001111;
0000cf d0da      	RCALL SUBOPT_0x7
                 ; 0000 0082 
                 ; 0000 0083             PORTC = arr[a2];
0000d0 d0d2      	RCALL SUBOPT_0x6
                 ; 0000 0084             PORTD = 0b00001101; delay_ms(5);  PORTD = 0b00001111;
0000d1 d0e3      	RCALL SUBOPT_0x8
                 ; 0000 0085 
                 ; 0000 0086             PORTC = arr2[a1];
0000d2 01de      	MOVW R26,R28
0000d3 9654      	ADIW R26,20
0000d4 d0eb      	RCALL SUBOPT_0x9
                 ; 0000 0087             PORTD = 0b00001011; delay_ms(5);  PORTD = 0b00001111;
0000d5 d0ef      	RCALL SUBOPT_0xA
                 ; 0000 0088 
                 ; 0000 0089             PORTC = arr[a0];
0000d6 01de      	MOVW R26,R28
0000d7 965e      	ADIW R26,30
0000d8 0fa4      	ADD  R26,R20
0000d9 1fb5      	ADC  R27,R21
0000da 91ec      	LD   R30,X
0000db bbe5      	OUT  0x15,R30
                 ; 0000 008A             PORTD = 0b00000111; delay_ms(5);  PORTD = 0b00001111;
0000dc d0f1      	RCALL SUBOPT_0xB
                 ; 0000 008B 
                 ; 0000 008C             counter = counter + 1;
                 ; 0000 008D             if (counter == 20)
0000dd f421      	BRNE _0x36
                 ; 0000 008E             {
                 ; 0000 008F                   number  = number - 2;
                +
0000de 5002     +SUBI R16 , LOW ( 2 )
0000df 4010     +SBCI R17 , HIGH ( 2 )
                 	__SUBWRN 16,17,2
                 ; 0000 0090                   counter = 0;
                +
0000e0 e020     +LDI R18 , LOW ( 0 )
0000e1 e030     +LDI R19 , HIGH ( 0 )
                 	__GETWRN 18,19,0
                 ; 0000 0091             }
                 ; 0000 0092       }
                 _0x36:
0000e2 cfe6      	RJMP _0x33
                 _0x35:
                 ; 0000 0093 }
0000e3 940e 0246 	CALL __LOADLOCR6
0000e5 96a8      	ADIW R28,40
0000e6 9508      	RET
                 ; .FEND
                 ;void Subroutine_6(void)
                 ; 0000 0095 {
                 _Subroutine_6:
                 ; .FSTART _Subroutine_6
                 ; 0000 0096     char arr[] = {      0b00111111,      // 9  7_segment
                 ; 0000 0097                         0b00000110,      // 8  7_segment
                 ; 0000 0098                         0b01011011,      // 7  7_segment
                 ; 0000 0099                         0b01001111,      // 6  7_segment
                 ; 0000 009A                         0b01100110,      // 5  7_segment
                 ; 0000 009B                         0b01101101,      // 4  7_segment
                 ; 0000 009C                         0b01111101,      // 3  7_segment
                 ; 0000 009D                         0b00000111,      // 2  7_segment
                 ; 0000 009E                         0b01111111,      // 1  7_segment
                 ; 0000 009F                         0b01101111       // 0  7_segment
                 ; 0000 00A0                         };
                 ; 0000 00A1     char arr2[] = {     0b10111111,      // 9  7_segment with dip points
                 ; 0000 00A2                         0b10000110,      // 8  7_segment with dip points
                 ; 0000 00A3                         0b11011011,      // 7  7_segment with dip points
                 ; 0000 00A4                         0b11001111,      // 6  7_segment with dip points
                 ; 0000 00A5                         0b11100110,      // 5  7_segment with dip points
                 ; 0000 00A6                         0b11101101,      // 4  7_segment with dip points
                 ; 0000 00A7                         0b11111101,      // 3  7_segment with dip points
                 ; 0000 00A8                         0b10000111,      // 2  7_segment with dip points
                 ; 0000 00A9                         0b11111111,      // 1  7_segment with dip points
                 ; 0000 00AA                         0b11101111       // 0  7_segment with dip points
                 ; 0000 00AB                         };
                 ; 0000 00AC     int number=0 , counter=0 , temp=0 ;
                 ; 0000 00AD     unsigned int a0 , a1, a2, a3;
                 ; 0000 00AE     unsigned int b0 , b1 , b2 , b3;
                 ; 0000 00AF     number = PINA;
0000e7 97a4      	SBIW R28,36
0000e8 e184      	LDI  R24,20
0000e9 e1a0      	LDI  R26,LOW(16)
0000ea e0b0      	LDI  R27,HIGH(16)
0000eb e7e2      	LDI  R30,LOW(_0x37*2)
0000ec e0f0      	LDI  R31,HIGH(_0x37*2)
0000ed 940e 024d 	CALL __INITLOCB
0000ef d061      	RCALL SUBOPT_0x1
                 ;	arr -> Y+32
                 ;	arr2 -> Y+22
                 ;	number -> R16,R17
                 ;	counter -> R18,R19
                 ;	temp -> R20,R21
                 ;	a0 -> Y+20
                 ;	a1 -> Y+18
                 ;	a2 -> Y+16
                 ;	a3 -> Y+14
                 ;	b0 -> Y+12
                 ;	b1 -> Y+10
                 ;	b2 -> Y+8
                 ;	b3 -> Y+6
                +
0000f0 e040     +LDI R20 , LOW ( 0 )
0000f1 e050     +LDI R21 , HIGH ( 0 )
                 	__GETWRN 20,21,0
0000f2 d065      	RCALL SUBOPT_0x2
                 ; 0000 00B0     number = number * 10;
                 ; 0000 00B1     while (number >= 0)
                 _0x38:
0000f3 2311      	TST  R17
0000f4 f1ea      	BRMI _0x3A
                 ; 0000 00B2     {
                 ; 0000 00B3             if (PIND.7 == 0)
0000f5 9987      	SBIC 0x10,7
0000f6 c003      	RJMP _0x3B
                 ; 0000 00B4             {
                 ; 0000 00B5                   temp = (number % 10);
0000f7 d069      	RCALL SUBOPT_0x3
                 ; 0000 00B6                   number = number - temp;
                +
0000f8 1b04     +SUB R16 , R20
0000f9 0b15     +SBC R17 , R21
                 	__SUBWRR 16,17,20,21
                 ; 0000 00B7             }
                 ; 0000 00B8             if (PIND.6 == 0)
                 _0x3B:
0000fa 9986      	SBIC 0x10,6
0000fb c005      	RJMP _0x3C
                 ; 0000 00B9             {
                 ; 0000 00BA                   temp = ((number / 10) % 10);
0000fc d06b      	RCALL SUBOPT_0x4
0000fd d0df      	RCALL SUBOPT_0xC
                 ; 0000 00BB                   temp = temp * 10;
0000fe e0aa      	LDI  R26,LOW(10)
0000ff e0b0      	LDI  R27,HIGH(10)
000100 d0e3      	RCALL SUBOPT_0xD
                 ; 0000 00BC                   number = number - temp;
                 ; 0000 00BD             }
                 ; 0000 00BE             if (PIND.5 == 0)
                 _0x3C:
000101 9985      	SBIC 0x10,5
000102 c009      	RJMP _0x3D
                 ; 0000 00BF             {
                 ; 0000 00C0                   temp = ((number / 100) % 10);
000103 01d8      	MOVW R26,R16
000104 e6e4      	LDI  R30,LOW(100)
000105 e0f0      	LDI  R31,HIGH(100)
000106 940e 021b 	CALL __DIVW21
000108 d0d4      	RCALL SUBOPT_0xC
                 ; 0000 00C1                   temp = temp * 100;
000109 e6a4      	LDI  R26,LOW(100)
00010a e0b0      	LDI  R27,HIGH(100)
00010b d0d8      	RCALL SUBOPT_0xD
                 ; 0000 00C2                   number = number - temp;
                 ; 0000 00C3             }
                 ; 0000 00C4             if (PIND.4 == 0)
                 _0x3D:
00010c 9984      	SBIC 0x10,4
00010d c009      	RJMP _0x3E
                 ; 0000 00C5             {
                 ; 0000 00C6                   temp = ((number / 1000) % 10);
00010e 01d8      	MOVW R26,R16
00010f eee8      	LDI  R30,LOW(1000)
000110 e0f3      	LDI  R31,HIGH(1000)
000111 940e 021b 	CALL __DIVW21
000113 d0c9      	RCALL SUBOPT_0xC
                 ; 0000 00C7                   temp = temp * 1000;
000114 eea8      	LDI  R26,LOW(1000)
000115 e0b3      	LDI  R27,HIGH(1000)
000116 d0cd      	RCALL SUBOPT_0xD
                 ; 0000 00C8                   number = number - temp;
                 ; 0000 00C9             }
                 ; 0000 00CA             a0 = number % 10;
                 _0x3E:
000117 01d8      	MOVW R26,R16
000118 e0ea      	LDI  R30,LOW(10)
000119 e0f0      	LDI  R31,HIGH(10)
00011a 940e 0223 	CALL __MODW21
00011c 8bec      	STD  Y+20,R30
00011d 8bfd      	STD  Y+20+1,R31
                 ; 0000 00CB             b0 = number / 10;
00011e d049      	RCALL SUBOPT_0x4
00011f d04e      	RCALL SUBOPT_0x5
                 ; 0000 00CC 
                 ; 0000 00CD             a1 = b0 % 10;
                 ; 0000 00CE             b1 = b0 / 10;
                 ; 0000 00CF 
                 ; 0000 00D0             a2 = b1 % 10;
                 ; 0000 00D1             b2 = b1 / 10;
                 ; 0000 00D2 
                 ; 0000 00D3             a3 = b2 % 10;
                 ; 0000 00D4             b3 = b2 / 10;
                 ; 0000 00D5 
                 ; 0000 00D6             PORTC = arr[a3];
000120 d0c9      	RCALL SUBOPT_0xE
                 ; 0000 00D7             PORTD = 0b00001110; delay_ms(5);  PORTD = 0b00001111;
000121 d088      	RCALL SUBOPT_0x7
                 ; 0000 00D8 
                 ; 0000 00D9             PORTC = arr[a2];
000122 d0c7      	RCALL SUBOPT_0xE
                 ; 0000 00DA             PORTD = 0b00001101; delay_ms(5);  PORTD = 0b00001111;
000123 d091      	RCALL SUBOPT_0x8
                 ; 0000 00DB 
                 ; 0000 00DC             PORTC = arr2[a1];
000124 01de      	MOVW R26,R28
000125 9656      	ADIW R26,22
000126 d099      	RCALL SUBOPT_0x9
                 ; 0000 00DD             PORTD = 0b00001011; delay_ms(5);  PORTD = 0b00001111;
000127 d09d      	RCALL SUBOPT_0xA
                 ; 0000 00DE 
                 ; 0000 00DF             PORTC = arr[a0];
000128 89ec      	LDD  R30,Y+20
000129 89fd      	LDD  R31,Y+20+1
00012a d0bf      	RCALL SUBOPT_0xE
                 ; 0000 00E0             PORTD = 0b00000111; delay_ms(5);  PORTD = 0b00001111;
00012b d0a2      	RCALL SUBOPT_0xB
                 ; 0000 00E1 
                 ; 0000 00E2             counter = counter + 1;
                 ; 0000 00E3             if (counter == 20)
00012c f421      	BRNE _0x3F
                 ; 0000 00E4             {
                 ; 0000 00E5                   number  = number - 2;
                +
00012d 5002     +SUBI R16 , LOW ( 2 )
00012e 4010     +SBCI R17 , HIGH ( 2 )
                 	__SUBWRN 16,17,2
                 ; 0000 00E6                   counter = 0;
                +
00012f e020     +LDI R18 , LOW ( 0 )
000130 e030     +LDI R19 , HIGH ( 0 )
                 	__GETWRN 18,19,0
                 ; 0000 00E7             }
                 ; 0000 00E8       }
                 _0x3F:
000131 cfc1      	RJMP _0x38
                 _0x3A:
                 ; 0000 00E9 }
000132 940e 0246 	CALL __LOADLOCR6
000134 96aa      	ADIW R28,42
000135 9508      	RET
                 ; .FEND
                 ;void main(void)
                 ; 0000 00EB {
                 _main:
                 ; .FSTART _main
                 ; 0000 00EC // Declare your local variables here
                 ; 0000 00ED 
                 ; 0000 00EE // Input/Output Ports initialization
                 ; 0000 00EF // Port A initialization
                 ; 0000 00F0 // Function: Bit7=In Bit6=In Bit5=In Bit4=In Bit3=In Bit2=In Bit1=In Bit0=In
                 ; 0000 00F1 DDRA=(0<<DDA7) | (0<<DDA6) | (0<<DDA5) | (0<<DDA4) | (0<<DDA3) | (0<<DDA2) | (0<<DDA1) | (0<<DDA0);
000136 e0e0      	LDI  R30,LOW(0)
000137 bbea      	OUT  0x1A,R30
                 ; 0000 00F2 // State: Bit7=T Bit6=T Bit5=T Bit4=T Bit3=T Bit2=T Bit1=T Bit0=T
                 ; 0000 00F3 PORTA=(0<<PORTA7) | (0<<PORTA6) | (0<<PORTA5) | (0<<PORTA4) | (0<<PORTA3) | (0<<PORTA2) | (0<<PORTA1) | (0<<PORTA0);
000138 bbeb      	OUT  0x1B,R30
                 ; 0000 00F4 
                 ; 0000 00F5 // Port B initialization
                 ; 0000 00F6 // Function: Bit7=Out Bit6=Out Bit5=Out Bit4=Out Bit3=Out Bit2=Out Bit1=Out Bit0=Out
                 ; 0000 00F7 DDRB=(1<<DDB7) | (1<<DDB6) | (1<<DDB5) | (1<<DDB4) | (1<<DDB3) | (1<<DDB2) | (1<<DDB1) | (1<<DDB0);
000139 efef      	LDI  R30,LOW(255)
00013a bbe7      	OUT  0x17,R30
                 ; 0000 00F8 // State: Bit7=0 Bit6=0 Bit5=0 Bit4=0 Bit3=0 Bit2=0 Bit1=0 Bit0=0
                 ; 0000 00F9 PORTB=(0<<PORTB7) | (0<<PORTB6) | (0<<PORTB5) | (0<<PORTB4) | (0<<PORTB3) | (0<<PORTB2) | (0<<PORTB1) | (0<<PORTB0);
00013b e0e0      	LDI  R30,LOW(0)
00013c bbe8      	OUT  0x18,R30
                 ; 0000 00FA 
                 ; 0000 00FB // Port C initialization
                 ; 0000 00FC // Function: Bit7=Out Bit6=Out Bit5=Out Bit4=Out Bit3=Out Bit2=Out Bit1=Out Bit0=Out
                 ; 0000 00FD DDRC=(1<<DDC7) | (1<<DDC6) | (1<<DDC5) | (1<<DDC4) | (1<<DDC3) | (1<<DDC2) | (1<<DDC1) | (1<<DDC0);
00013d efef      	LDI  R30,LOW(255)
00013e bbe4      	OUT  0x14,R30
                 ; 0000 00FE // State: Bit7=0 Bit6=0 Bit5=0 Bit4=0 Bit3=0 Bit2=0 Bit1=0 Bit0=0
                 ; 0000 00FF PORTC=(0<<PORTC7) | (0<<PORTC6) | (0<<PORTC5) | (0<<PORTC4) | (0<<PORTC3) | (0<<PORTC2) | (0<<PORTC1) | (0<<PORTC0);
00013f e0e0      	LDI  R30,LOW(0)
000140 bbe5      	OUT  0x15,R30
                 ; 0000 0100 
                 ; 0000 0101 // Port D initialization
                 ; 0000 0102 // Function: Bit7=In Bit6=In Bit5=In Bit4=In Bit3=Out Bit2=Out Bit1=Out Bit0=Out
                 ; 0000 0103 DDRD=(0<<DDD7) | (0<<DDD6) | (0<<DDD5) | (0<<DDD4) | (1<<DDD3) | (1<<DDD2) | (1<<DDD1) | (1<<DDD0);
000141 e0ef      	LDI  R30,LOW(15)
000142 bbe1      	OUT  0x11,R30
                 ; 0000 0104 // State: Bit7=T Bit6=T Bit5=T Bit4=T Bit3=0 Bit2=0 Bit1=0 Bit0=0
                 ; 0000 0105 PORTD=(0<<PORTD7) | (0<<PORTD6) | (0<<PORTD5) | (0<<PORTD4) | (0<<PORTD3) | (0<<PORTD2) | (0<<PORTD1) | (0<<PORTD0);
000143 e0e0      	LDI  R30,LOW(0)
000144 bbe2      	OUT  0x12,R30
                 ; 0000 0106 
                 ; 0000 0107 while (1)
                 ; 0000 0108       {
                 ; 0000 0109      // Place your code here
                 ; 0000 010A             Subroutine_1() ;
000145 df18      	RCALL _Subroutine_1
                 ; 0000 010B             Subroutine_2() ;
000146 df31      	RCALL _Subroutine_2
                 ; 0000 010C             Subroutine_4() ;
000147 df52      	RCALL _Subroutine_4
                 ; 0000 010D             while(1)
                 _0x43:
                 ; 0000 010E             {
                 ; 0000 010F                 Subroutine_3() ;
000148 df48      	RCALL _Subroutine_3
                 ; 0000 0110                 Subroutine_5() ;
000149 df75      	RCALL _Subroutine_5
                 ; 0000 0111                 Subroutine_6() ;
00014a df9c      	RCALL _Subroutine_6
                 ; 0000 0112             }
00014b cffc      	RJMP _0x43
                 ; 0000 0113       }
                 ; 0000 0114 }
                 _0x46:
00014c cfff      	RJMP _0x46
                 ; .FEND
                 ;
                 
                 	.CSEG
                 ;OPTIMIZER ADDED SUBROUTINE, CALLED 8 TIMES, CODE SIZE REDUCTION:11 WORDS
                 SUBOPT_0x0:
00014d e7a7      	LDI  R26,LOW(375)
00014e e0b1      	LDI  R27,HIGH(375)
00014f 940c 01ed 	JMP  _delay_ms
                 
                 ;OPTIMIZER ADDED SUBROUTINE, CALLED 2 TIMES, CODE SIZE REDUCTION:1 WORDS
                 SUBOPT_0x1:
000151 940e 023f 	CALL __SAVELOCR6
                +
000153 e000     +LDI R16 , LOW ( 0 )
000154 e010     +LDI R17 , HIGH ( 0 )
                 	__GETWRN 16,17,0
                +
000155 e020     +LDI R18 , LOW ( 0 )
000156 e030     +LDI R19 , HIGH ( 0 )
                 	__GETWRN 18,19,0
000157 9508      	RET
                 
                 ;OPTIMIZER ADDED SUBROUTINE, CALLED 2 TIMES, CODE SIZE REDUCTION:3 WORDS
                 SUBOPT_0x2:
000158 b309      	IN   R16,25
000159 2711      	CLR  R17
00015a 01f8      	MOVW R30,R16
00015b e0aa      	LDI  R26,LOW(10)
00015c e0b0      	LDI  R27,HIGH(10)
00015d 940e 0203 	CALL __MULW12
00015f 018f      	MOVW R16,R30
000160 9508      	RET
                 
                 ;OPTIMIZER ADDED SUBROUTINE, CALLED 2 TIMES, CODE SIZE REDUCTION:1 WORDS
                 SUBOPT_0x3:
000161 01d8      	MOVW R26,R16
000162 e0ea      	LDI  R30,LOW(10)
000163 e0f0      	LDI  R31,HIGH(10)
000164 940e 0223 	CALL __MODW21
000166 01af      	MOVW R20,R30
000167 9508      	RET
                 
                 ;OPTIMIZER ADDED SUBROUTINE, CALLED 3 TIMES, CODE SIZE REDUCTION:3 WORDS
                 SUBOPT_0x4:
000168 01d8      	MOVW R26,R16
000169 e0ea      	LDI  R30,LOW(10)
00016a e0f0      	LDI  R31,HIGH(10)
00016b 940e 021b 	CALL __DIVW21
00016d 9508      	RET
                 
                 ;OPTIMIZER ADDED SUBROUTINE, CALLED 2 TIMES, CODE SIZE REDUCTION:47 WORDS
                 SUBOPT_0x5:
00016e 87ec      	STD  Y+12,R30
00016f 87fd      	STD  Y+12+1,R31
000170 85ac      	LDD  R26,Y+12
000171 85bd      	LDD  R27,Y+12+1
000172 e0ea      	LDI  R30,LOW(10)
000173 e0f0      	LDI  R31,HIGH(10)
000174 940e 0220 	CALL __MODW21U
000176 8bea      	STD  Y+18,R30
000177 8bfb      	STD  Y+18+1,R31
000178 85ac      	LDD  R26,Y+12
000179 85bd      	LDD  R27,Y+12+1
00017a e0ea      	LDI  R30,LOW(10)
00017b e0f0      	LDI  R31,HIGH(10)
00017c 940e 0208 	CALL __DIVW21U
00017e 87ea      	STD  Y+10,R30
00017f 87fb      	STD  Y+10+1,R31
000180 85aa      	LDD  R26,Y+10
000181 85bb      	LDD  R27,Y+10+1
000182 e0ea      	LDI  R30,LOW(10)
000183 e0f0      	LDI  R31,HIGH(10)
000184 940e 0220 	CALL __MODW21U
000186 8be8      	STD  Y+16,R30
000187 8bf9      	STD  Y+16+1,R31
000188 85aa      	LDD  R26,Y+10
000189 85bb      	LDD  R27,Y+10+1
00018a e0ea      	LDI  R30,LOW(10)
00018b e0f0      	LDI  R31,HIGH(10)
00018c 940e 0208 	CALL __DIVW21U
00018e 87e8      	STD  Y+8,R30
00018f 87f9      	STD  Y+8+1,R31
000190 85a8      	LDD  R26,Y+8
000191 85b9      	LDD  R27,Y+8+1
000192 e0ea      	LDI  R30,LOW(10)
000193 e0f0      	LDI  R31,HIGH(10)
000194 940e 0220 	CALL __MODW21U
000196 87ee      	STD  Y+14,R30
000197 87ff      	STD  Y+14+1,R31
000198 85a8      	LDD  R26,Y+8
000199 85b9      	LDD  R27,Y+8+1
00019a e0ea      	LDI  R30,LOW(10)
00019b e0f0      	LDI  R31,HIGH(10)
00019c 940e 0208 	CALL __DIVW21U
00019e 83ee      	STD  Y+6,R30
00019f 83ff      	STD  Y+6+1,R31
0001a0 85ee      	LDD  R30,Y+14
0001a1 85ff      	LDD  R31,Y+14+1
0001a2 9508      	RET
                 
                 ;OPTIMIZER ADDED SUBROUTINE, CALLED 2 TIMES, CODE SIZE REDUCTION:1 WORDS
                 SUBOPT_0x6:
0001a3 01de      	MOVW R26,R28
0001a4 965e      	ADIW R26,30
0001a5 0fae      	ADD  R26,R30
0001a6 1fbf      	ADC  R27,R31
0001a7 91ec      	LD   R30,X
0001a8 bbe5      	OUT  0x15,R30
0001a9 9508      	RET
                 
                 ;OPTIMIZER ADDED SUBROUTINE, CALLED 2 TIMES, CODE SIZE REDUCTION:5 WORDS
                 SUBOPT_0x7:
0001aa e0ee      	LDI  R30,LOW(14)
0001ab bbe2      	OUT  0x12,R30
0001ac e0a5      	LDI  R26,LOW(5)
0001ad e0b0      	LDI  R27,0
0001ae 940e 01ed 	CALL _delay_ms
0001b0 e0ef      	LDI  R30,LOW(15)
0001b1 bbe2      	OUT  0x12,R30
0001b2 89e8      	LDD  R30,Y+16
0001b3 89f9      	LDD  R31,Y+16+1
0001b4 9508      	RET
                 
                 ;OPTIMIZER ADDED SUBROUTINE, CALLED 2 TIMES, CODE SIZE REDUCTION:5 WORDS
                 SUBOPT_0x8:
0001b5 e0ed      	LDI  R30,LOW(13)
0001b6 bbe2      	OUT  0x12,R30
0001b7 e0a5      	LDI  R26,LOW(5)
0001b8 e0b0      	LDI  R27,0
0001b9 940e 01ed 	CALL _delay_ms
0001bb e0ef      	LDI  R30,LOW(15)
0001bc bbe2      	OUT  0x12,R30
0001bd 89ea      	LDD  R30,Y+18
0001be 89fb      	LDD  R31,Y+18+1
0001bf 9508      	RET
                 
                 ;OPTIMIZER ADDED SUBROUTINE, CALLED 5 TIMES, CODE SIZE REDUCTION:5 WORDS
                 SUBOPT_0x9:
0001c0 0fae      	ADD  R26,R30
0001c1 1fbf      	ADC  R27,R31
0001c2 91ec      	LD   R30,X
0001c3 bbe5      	OUT  0x15,R30
0001c4 9508      	RET
                 
                 ;OPTIMIZER ADDED SUBROUTINE, CALLED 2 TIMES, CODE SIZE REDUCTION:3 WORDS
                 SUBOPT_0xA:
0001c5 e0eb      	LDI  R30,LOW(11)
0001c6 bbe2      	OUT  0x12,R30
0001c7 e0a5      	LDI  R26,LOW(5)
0001c8 e0b0      	LDI  R27,0
0001c9 940e 01ed 	CALL _delay_ms
0001cb e0ef      	LDI  R30,LOW(15)
0001cc bbe2      	OUT  0x12,R30
0001cd 9508      	RET
                 
                 ;OPTIMIZER ADDED SUBROUTINE, CALLED 2 TIMES, CODE SIZE REDUCTION:9 WORDS
                 SUBOPT_0xB:
0001ce e0e7      	LDI  R30,LOW(7)
0001cf bbe2      	OUT  0x12,R30
0001d0 e0a5      	LDI  R26,LOW(5)
0001d1 e0b0      	LDI  R27,0
0001d2 940e 01ed 	CALL _delay_ms
0001d4 e0ef      	LDI  R30,LOW(15)
0001d5 bbe2      	OUT  0x12,R30
                +
0001d6 5f2f     +SUBI R18 , LOW ( - 1 )
0001d7 4f3f     +SBCI R19 , HIGH ( - 1 )
                 	__ADDWRN 18,19,1
0001d8 e1e4      	LDI  R30,LOW(20)
0001d9 e0f0      	LDI  R31,HIGH(20)
0001da 17e2      	CP   R30,R18
0001db 07f3      	CPC  R31,R19
0001dc 9508      	RET
                 
                 ;OPTIMIZER ADDED SUBROUTINE, CALLED 3 TIMES, CODE SIZE REDUCTION:7 WORDS
                 SUBOPT_0xC:
0001dd 01df      	MOVW R26,R30
0001de e0ea      	LDI  R30,LOW(10)
0001df e0f0      	LDI  R31,HIGH(10)
0001e0 940e 0223 	CALL __MODW21
0001e2 01af      	MOVW R20,R30
0001e3 9508      	RET
                 
                 ;OPTIMIZER ADDED SUBROUTINE, CALLED 3 TIMES, CODE SIZE REDUCTION:3 WORDS
                 SUBOPT_0xD:
0001e4 940e 0203 	CALL __MULW12
0001e6 01af      	MOVW R20,R30
                +
0001e7 1b04     +SUB R16 , R20
0001e8 0b15     +SBC R17 , R21
                 	__SUBWRR 16,17,20,21
0001e9 9508      	RET
                 
                 ;OPTIMIZER ADDED SUBROUTINE, CALLED 3 TIMES, CODE SIZE REDUCTION:1 WORDS
                 SUBOPT_0xE:
0001ea 01de      	MOVW R26,R28
0001eb 9690      	ADIW R26,32
0001ec cfd3      	RJMP SUBOPT_0x9
                 
                 
                 	.CSEG
                 _delay_ms:
0001ed 9610      	adiw r26,0
0001ee f039      	breq __delay_ms1
                 __delay_ms0:
                +
0001ef ed80     +LDI R24 , LOW ( 0x7D0 )
0001f0 e097     +LDI R25 , HIGH ( 0x7D0 )
                +__DELAY_USW_LOOP :
0001f1 9701     +SBIW R24 , 1
0001f2 f7f1     +BRNE __DELAY_USW_LOOP
                 	__DELAY_USW 0x7D0
0001f3 95a8      	wdr
0001f4 9711      	sbiw r26,1
0001f5 f7c9      	brne __delay_ms0
                 __delay_ms1:
0001f6 9508      	ret
                 
                 __ANEGW1:
0001f7 95f1      	NEG  R31
0001f8 95e1      	NEG  R30
0001f9 40f0      	SBCI R31,0
0001fa 9508      	RET
                 
                 __MULW12U:
0001fb 9ffa      	MUL  R31,R26
0001fc 2df0      	MOV  R31,R0
0001fd 9feb      	MUL  R30,R27
0001fe 0df0      	ADD  R31,R0
0001ff 9fea      	MUL  R30,R26
000200 2de0      	MOV  R30,R0
000201 0df1      	ADD  R31,R1
000202 9508      	RET
                 
                 __MULW12:
000203 d02d      	RCALL __CHKSIGNW
000204 dff6      	RCALL __MULW12U
000205 f40e      	BRTC __MULW121
000206 dff0      	RCALL __ANEGW1
                 __MULW121:
000207 9508      	RET
                 
                 __DIVW21U:
000208 2400      	CLR  R0
000209 2411      	CLR  R1
00020a e190      	LDI  R25,16
                 __DIVW21U1:
00020b 0faa      	LSL  R26
00020c 1fbb      	ROL  R27
00020d 1c00      	ROL  R0
00020e 1c11      	ROL  R1
00020f 1a0e      	SUB  R0,R30
000210 0a1f      	SBC  R1,R31
000211 f418      	BRCC __DIVW21U2
000212 0e0e      	ADD  R0,R30
000213 1e1f      	ADC  R1,R31
000214 c001      	RJMP __DIVW21U3
                 __DIVW21U2:
000215 60a1      	SBR  R26,1
                 __DIVW21U3:
000216 959a      	DEC  R25
000217 f799      	BRNE __DIVW21U1
000218 01fd      	MOVW R30,R26
000219 01d0      	MOVW R26,R0
00021a 9508      	RET
                 
                 __DIVW21:
00021b d015      	RCALL __CHKSIGNW
00021c dfeb      	RCALL __DIVW21U
00021d f40e      	BRTC __DIVW211
00021e dfd8      	RCALL __ANEGW1
                 __DIVW211:
00021f 9508      	RET
                 
                 __MODW21U:
000220 dfe7      	RCALL __DIVW21U
000221 01fd      	MOVW R30,R26
000222 9508      	RET
                 
                 __MODW21:
000223 94e8      	CLT
000224 ffb7      	SBRS R27,7
000225 c004      	RJMP __MODW211
000226 95a0      	COM  R26
000227 95b0      	COM  R27
000228 9611      	ADIW R26,1
000229 9468      	SET
                 __MODW211:
00022a fdf7      	SBRC R31,7
00022b dfcb      	RCALL __ANEGW1
00022c dfdb      	RCALL __DIVW21U
00022d 01fd      	MOVW R30,R26
00022e f40e      	BRTC __MODW212
00022f dfc7      	RCALL __ANEGW1
                 __MODW212:
000230 9508      	RET
                 
                 __CHKSIGNW:
000231 94e8      	CLT
000232 fff7      	SBRS R31,7
000233 c002      	RJMP __CHKSW1
000234 dfc2      	RCALL __ANEGW1
000235 9468      	SET
                 __CHKSW1:
000236 ffb7      	SBRS R27,7
000237 c006      	RJMP __CHKSW2
000238 95a0      	COM  R26
000239 95b0      	COM  R27
00023a 9611      	ADIW R26,1
00023b f800      	BLD  R0,0
00023c 9403      	INC  R0
00023d fa00      	BST  R0,0
                 __CHKSW2:
00023e 9508      	RET
                 
                 __SAVELOCR6:
00023f 935a      	ST   -Y,R21
                 __SAVELOCR5:
000240 934a      	ST   -Y,R20
                 __SAVELOCR4:
000241 933a      	ST   -Y,R19
                 __SAVELOCR3:
000242 932a      	ST   -Y,R18
                 __SAVELOCR2:
000243 931a      	ST   -Y,R17
000244 930a      	ST   -Y,R16
000245 9508      	RET
                 
                 __LOADLOCR6:
000246 815d      	LDD  R21,Y+5
                 __LOADLOCR5:
000247 814c      	LDD  R20,Y+4
                 __LOADLOCR4:
000248 813b      	LDD  R19,Y+3
                 __LOADLOCR3:
000249 812a      	LDD  R18,Y+2
                 __LOADLOCR2:
00024a 8119      	LDD  R17,Y+1
00024b 8108      	LD   R16,Y
00024c 9508      	RET
                 
                 __INITLOCB:
                 __INITLOCW:
00024d 0fac      	ADD  R26,R28
00024e 1fbd      	ADC  R27,R29
                 __INITLOC0:
00024f 9005      	LPM  R0,Z+
000250 920d      	ST   X+,R0
000251 958a      	DEC  R24
000252 f7e1      	BRNE __INITLOC0
000253 9508      	RET
                 
                 ;END OF CODE MARKER
                 __END_OF_CODE:


RESOURCE USE INFORMATION
------------------------

Notice:
The register and instruction counts are symbol table hit counts,
and hence implicitly used resources are not counted, eg, the
'lpm' instruction without operands implicitly uses r0 and z,
none of which are counted.

x,y,z are separate entities in the symbol table and are
counted separately from r26..r31 here.

.dseg memory usage only counts static data declared with .byte

ATmega16 register use summary:
r0 :  13 r1 :   5 r2 :   0 r3 :   0 r4 :   0 r5 :   0 r6 :   0 r7 :   0 
r8 :   0 r9 :   0 r10:   0 r11:   0 r12:   0 r13:   0 r14:   0 r15:   0 
r16:  30 r17:  24 r18:   7 r19:   7 r20:   9 r21:   6 r22:   0 r23:   0 
r24:  10 r25:   4 r26:  60 r27:  33 r28:  14 r29:   2 r30: 103 r31:  44 
x  :   7 y  :  58 z  :   1 
Registers used: 19 out of 35 (54.3%)

ATmega16 instruction use summary:
.lds  :   0 .lds.l:   0 .sts  :   0 .sts.l:   0 adc   :   6 add   :   8 
adiw  :  12 and   :   0 andi  :   0 asr   :   0 bclr  :   0 bld   :   1 
brbc  :   0 brbs  :   0 brcc  :   1 brcs  :   0 break :   0 breq  :   1 
brge  :   1 brhc  :   0 brhs  :   0 brid  :   0 brie  :   0 brlo  :   0 
brlt  :   0 brmi  :   3 brne  :   8 brpl  :   0 brsh  :   0 brtc  :   3 
brts  :   0 brvc  :   0 brvs  :   0 bset  :   0 bst   :   1 call  :  27 
cbi   :  12 cbr   :   0 clc   :   0 clh   :   0 cli   :   1 cln   :   0 
clr   :   5 cls   :   0 clt   :   2 clv   :   0 clz   :   0 com   :   4 
cp    :   1 cpc   :   2 cpi   :   1 cpse  :   0 dec   :   3 des   :   0 
eor   :   0 fmul  :   0 fmuls :   0 fmulsu:   0 icall :   0 ijmp  :   0 
in    :   2 inc   :   1 jmp   :  23 ld    :   7 ldd   :  27 ldi   : 115 
lds   :   0 lpm   :   1 lsl   :   1 lsr   :   0 mov   :   2 movw  :  22 
mul   :   3 muls  :   0 mulsu :   0 neg   :   2 nop   :   0 or    :   0 
ori   :   0 out   :  29 pop   :   0 push  :   0 rcall :  57 ret   :  30 
reti  :   0 rjmp  :  16 rol   :   3 ror   :   0 sbc   :   3 sbci  :   6 
sbi   :   8 sbic  :   4 sbis  :   0 sbiw  :   6 sbr   :   1 sbrc  :   1 
sbrs  :   3 sec   :   0 seh   :   0 sei   :   0 sen   :   0 ser   :   0 
ses   :   0 set   :   2 sev   :   0 sez   :   0 sleep :   0 spm   :   0 
st    :  15 std   :  16 sts   :   0 sub   :   3 subi  :   5 swap  :   0 
tst   :   3 wdr   :   1 
Instructions used: 53 out of 116 (45.7%)

ATmega16 memory use summary [bytes]:
Segment   Begin    End      Code   Data   Used    Size   Use%
---------------------------------------------------------------
[.cseg] 0x000000 0x0004a8   1142     50   1192   16384   7.3%
[.dseg] 0x000060 0x000160      0      0      0    1024   0.0%
[.eseg] 0x000000 0x000000      0      0      0     512   0.0%

Assembly complete, 0 errors, 0 warnings
