
AVRASM ver. 2.1.30  C:\Users\ITJonoob\Documents\codevision\az7\q3\Debug\List\source.asm Wed Dec 09 09:47:52 2020

C:\Users\ITJonoob\Documents\codevision\az7\q3\Debug\List\source.asm(1088): warning: Register r5 already defined by the .DEF directive
C:\Users\ITJonoob\Documents\codevision\az7\q3\Debug\List\source.asm(1089): warning: Register r4 already defined by the .DEF directive
C:\Users\ITJonoob\Documents\codevision\az7\q3\Debug\List\source.asm(1090): warning: Register r7 already defined by the .DEF directive
C:\Users\ITJonoob\Documents\codevision\az7\q3\Debug\List\source.asm(1091): warning: Register r6 already defined by the .DEF directive
C:\Users\ITJonoob\Documents\codevision\az7\q3\Debug\List\source.asm(1092): warning: Register r9 already defined by the .DEF directive
C:\Users\ITJonoob\Documents\codevision\az7\q3\Debug\List\source.asm(1093): warning: Register r8 already defined by the .DEF directive
                 
                 
                 ;CodeVisionAVR C Compiler V3.12 Advanced
                 ;(C) Copyright 1998-2014 Pavel Haiduc, HP InfoTech s.r.l.
                 ;http://www.hpinfotech.com
                 
                 ;Build configuration    : Debug
                 ;Chip type              : ATmega16
                 ;Program type           : Application
                 ;Clock frequency        : 8.000000 MHz
                 ;Memory model           : Small
                 ;Optimize for           : Size
                 ;(s)printf features     : int, width
                 ;(s)scanf features      : int, width
                 ;External RAM size      : 0
                 ;Data Stack size        : 256 byte(s)
                 ;Heap size              : 0 byte(s)
                 ;Promote 'char' to 'int': Yes
                 ;'char' is unsigned     : Yes
                 ;8 bit enums            : Yes
                 ;Global 'const' stored in FLASH: Yes
                 ;Enhanced function parameter passing: Yes
                 ;Enhanced core instructions: On
                 ;Automatic register allocation for global variables: On
                 ;Smart register allocation: On
                 
                 	#define _MODEL_SMALL_
                 
                 	#pragma AVRPART ADMIN PART_NAME ATmega16
                 	#pragma AVRPART MEMORY PROG_FLASH 16384
                 	#pragma AVRPART MEMORY EEPROM 512
                 	#pragma AVRPART MEMORY INT_SRAM SIZE 1024
                 	#pragma AVRPART MEMORY INT_SRAM START_ADDR 0x60
                 
                 	#define CALL_SUPPORTED 1
                 
                 	.LISTMAC
                 	.EQU UDRE=0x5
                 	.EQU RXC=0x7
                 	.EQU USR=0xB
                 	.EQU UDR=0xC
                 	.EQU SPSR=0xE
                 	.EQU SPDR=0xF
                 	.EQU EERE=0x0
                 	.EQU EEWE=0x1
                 	.EQU EEMWE=0x2
                 	.EQU EECR=0x1C
                 	.EQU EEDR=0x1D
                 	.EQU EEARL=0x1E
                 	.EQU EEARH=0x1F
                 	.EQU WDTCR=0x21
                 	.EQU MCUCR=0x35
                 	.EQU GICR=0x3B
                 	.EQU SPL=0x3D
                 	.EQU SPH=0x3E
                 	.EQU SREG=0x3F
                 
                 	.DEF R0X0=R0
                 	.DEF R0X1=R1
                 	.DEF R0X2=R2
                 	.DEF R0X3=R3
                 	.DEF R0X4=R4
                 	.DEF R0X5=R5
                 	.DEF R0X6=R6
                 	.DEF R0X7=R7
                 	.DEF R0X8=R8
                 	.DEF R0X9=R9
                 	.DEF R0XA=R10
                 	.DEF R0XB=R11
                 	.DEF R0XC=R12
                 	.DEF R0XD=R13
                 	.DEF R0XE=R14
                 	.DEF R0XF=R15
                 	.DEF R0X10=R16
                 	.DEF R0X11=R17
                 	.DEF R0X12=R18
                 	.DEF R0X13=R19
                 	.DEF R0X14=R20
                 	.DEF R0X15=R21
                 	.DEF R0X16=R22
                 	.DEF R0X17=R23
                 	.DEF R0X18=R24
                 	.DEF R0X19=R25
                 	.DEF R0X1A=R26
                 	.DEF R0X1B=R27
                 	.DEF R0X1C=R28
                 	.DEF R0X1D=R29
                 	.DEF R0X1E=R30
                 	.DEF R0X1F=R31
                 
                 	.EQU __SRAM_START=0x0060
                 	.EQU __SRAM_END=0x045F
                 	.EQU __DSTACK_SIZE=0x0100
                 	.EQU __HEAP_SIZE=0x0000
                 	.EQU __CLEAR_SRAM_SIZE=__SRAM_END-__SRAM_START+1
                 
                 	.MACRO __CPD1N
                 	CPI  R30,LOW(@0)
                 	LDI  R26,HIGH(@0)
                 	CPC  R31,R26
                 	LDI  R26,BYTE3(@0)
                 	CPC  R22,R26
                 	LDI  R26,BYTE4(@0)
                 	CPC  R23,R26
                 	.ENDM
                 
                 	.MACRO __CPD2N
                 	CPI  R26,LOW(@0)
                 	LDI  R30,HIGH(@0)
                 	CPC  R27,R30
                 	LDI  R30,BYTE3(@0)
                 	CPC  R24,R30
                 	LDI  R30,BYTE4(@0)
                 	CPC  R25,R30
                 	.ENDM
                 
                 	.MACRO __CPWRR
                 	CP   R@0,R@2
                 	CPC  R@1,R@3
                 	.ENDM
                 
                 	.MACRO __CPWRN
                 	CPI  R@0,LOW(@2)
                 	LDI  R30,HIGH(@2)
                 	CPC  R@1,R30
                 	.ENDM
                 
                 	.MACRO __ADDB1MN
                 	SUBI R30,LOW(-@0-(@1))
                 	.ENDM
                 
                 	.MACRO __ADDB2MN
                 	SUBI R26,LOW(-@0-(@1))
                 	.ENDM
                 
                 	.MACRO __ADDW1MN
                 	SUBI R30,LOW(-@0-(@1))
                 	SBCI R31,HIGH(-@0-(@1))
                 	.ENDM
                 
                 	.MACRO __ADDW2MN
                 	SUBI R26,LOW(-@0-(@1))
                 	SBCI R27,HIGH(-@0-(@1))
                 	.ENDM
                 
                 	.MACRO __ADDW1FN
                 	SUBI R30,LOW(-2*@0-(@1))
                 	SBCI R31,HIGH(-2*@0-(@1))
                 	.ENDM
                 
                 	.MACRO __ADDD1FN
                 	SUBI R30,LOW(-2*@0-(@1))
                 	SBCI R31,HIGH(-2*@0-(@1))
                 	SBCI R22,BYTE3(-2*@0-(@1))
                 	.ENDM
                 
                 	.MACRO __ADDD1N
                 	SUBI R30,LOW(-@0)
                 	SBCI R31,HIGH(-@0)
                 	SBCI R22,BYTE3(-@0)
                 	SBCI R23,BYTE4(-@0)
                 	.ENDM
                 
                 	.MACRO __ADDD2N
                 	SUBI R26,LOW(-@0)
                 	SBCI R27,HIGH(-@0)
                 	SBCI R24,BYTE3(-@0)
                 	SBCI R25,BYTE4(-@0)
                 	.ENDM
                 
                 	.MACRO __SUBD1N
                 	SUBI R30,LOW(@0)
                 	SBCI R31,HIGH(@0)
                 	SBCI R22,BYTE3(@0)
                 	SBCI R23,BYTE4(@0)
                 	.ENDM
                 
                 	.MACRO __SUBD2N
                 	SUBI R26,LOW(@0)
                 	SBCI R27,HIGH(@0)
                 	SBCI R24,BYTE3(@0)
                 	SBCI R25,BYTE4(@0)
                 	.ENDM
                 
                 	.MACRO __ANDBMNN
                 	LDS  R30,@0+(@1)
                 	ANDI R30,LOW(@2)
                 	STS  @0+(@1),R30
                 	.ENDM
                 
                 	.MACRO __ANDWMNN
                 	LDS  R30,@0+(@1)
                 	ANDI R30,LOW(@2)
                 	STS  @0+(@1),R30
                 	LDS  R30,@0+(@1)+1
                 	ANDI R30,HIGH(@2)
                 	STS  @0+(@1)+1,R30
                 	.ENDM
                 
                 	.MACRO __ANDD1N
                 	ANDI R30,LOW(@0)
                 	ANDI R31,HIGH(@0)
                 	ANDI R22,BYTE3(@0)
                 	ANDI R23,BYTE4(@0)
                 	.ENDM
                 
                 	.MACRO __ANDD2N
                 	ANDI R26,LOW(@0)
                 	ANDI R27,HIGH(@0)
                 	ANDI R24,BYTE3(@0)
                 	ANDI R25,BYTE4(@0)
                 	.ENDM
                 
                 	.MACRO __ORBMNN
                 	LDS  R30,@0+(@1)
                 	ORI  R30,LOW(@2)
                 	STS  @0+(@1),R30
                 	.ENDM
                 
                 	.MACRO __ORWMNN
                 	LDS  R30,@0+(@1)
                 	ORI  R30,LOW(@2)
                 	STS  @0+(@1),R30
                 	LDS  R30,@0+(@1)+1
                 	ORI  R30,HIGH(@2)
                 	STS  @0+(@1)+1,R30
                 	.ENDM
                 
                 	.MACRO __ORD1N
                 	ORI  R30,LOW(@0)
                 	ORI  R31,HIGH(@0)
                 	ORI  R22,BYTE3(@0)
                 	ORI  R23,BYTE4(@0)
                 	.ENDM
                 
                 	.MACRO __ORD2N
                 	ORI  R26,LOW(@0)
                 	ORI  R27,HIGH(@0)
                 	ORI  R24,BYTE3(@0)
                 	ORI  R25,BYTE4(@0)
                 	.ENDM
                 
                 	.MACRO __DELAY_USB
                 	LDI  R24,LOW(@0)
                 __DELAY_USB_LOOP:
                 	DEC  R24
                 	BRNE __DELAY_USB_LOOP
                 	.ENDM
                 
                 	.MACRO __DELAY_USW
                 	LDI  R24,LOW(@0)
                 	LDI  R25,HIGH(@0)
                 __DELAY_USW_LOOP:
                 	SBIW R24,1
                 	BRNE __DELAY_USW_LOOP
                 	.ENDM
                 
                 	.MACRO __GETD1S
                 	LDD  R30,Y+@0
                 	LDD  R31,Y+@0+1
                 	LDD  R22,Y+@0+2
                 	LDD  R23,Y+@0+3
                 	.ENDM
                 
                 	.MACRO __GETD2S
                 	LDD  R26,Y+@0
                 	LDD  R27,Y+@0+1
                 	LDD  R24,Y+@0+2
                 	LDD  R25,Y+@0+3
                 	.ENDM
                 
                 	.MACRO __PUTD1S
                 	STD  Y+@0,R30
                 	STD  Y+@0+1,R31
                 	STD  Y+@0+2,R22
                 	STD  Y+@0+3,R23
                 	.ENDM
                 
                 	.MACRO __PUTD2S
                 	STD  Y+@0,R26
                 	STD  Y+@0+1,R27
                 	STD  Y+@0+2,R24
                 	STD  Y+@0+3,R25
                 	.ENDM
                 
                 	.MACRO __PUTDZ2
                 	STD  Z+@0,R26
                 	STD  Z+@0+1,R27
                 	STD  Z+@0+2,R24
                 	STD  Z+@0+3,R25
                 	.ENDM
                 
                 	.MACRO __CLRD1S
                 	STD  Y+@0,R30
                 	STD  Y+@0+1,R30
                 	STD  Y+@0+2,R30
                 	STD  Y+@0+3,R30
                 	.ENDM
                 
                 	.MACRO __POINTB1MN
                 	LDI  R30,LOW(@0+(@1))
                 	.ENDM
                 
                 	.MACRO __POINTW1MN
                 	LDI  R30,LOW(@0+(@1))
                 	LDI  R31,HIGH(@0+(@1))
                 	.ENDM
                 
                 	.MACRO __POINTD1M
                 	LDI  R30,LOW(@0)
                 	LDI  R31,HIGH(@0)
                 	LDI  R22,BYTE3(@0)
                 	LDI  R23,BYTE4(@0)
                 	.ENDM
                 
                 	.MACRO __POINTW1FN
                 	LDI  R30,LOW(2*@0+(@1))
                 	LDI  R31,HIGH(2*@0+(@1))
                 	.ENDM
                 
                 	.MACRO __POINTD1FN
                 	LDI  R30,LOW(2*@0+(@1))
                 	LDI  R31,HIGH(2*@0+(@1))
                 	LDI  R22,BYTE3(2*@0+(@1))
                 	LDI  R23,BYTE4(2*@0+(@1))
                 	.ENDM
                 
                 	.MACRO __POINTB2MN
                 	LDI  R26,LOW(@0+(@1))
                 	.ENDM
                 
                 	.MACRO __POINTW2MN
                 	LDI  R26,LOW(@0+(@1))
                 	LDI  R27,HIGH(@0+(@1))
                 	.ENDM
                 
                 	.MACRO __POINTW2FN
                 	LDI  R26,LOW(2*@0+(@1))
                 	LDI  R27,HIGH(2*@0+(@1))
                 	.ENDM
                 
                 	.MACRO __POINTD2FN
                 	LDI  R26,LOW(2*@0+(@1))
                 	LDI  R27,HIGH(2*@0+(@1))
                 	LDI  R24,BYTE3(2*@0+(@1))
                 	LDI  R25,BYTE4(2*@0+(@1))
                 	.ENDM
                 
                 	.MACRO __POINTBRM
                 	LDI  R@0,LOW(@1)
                 	.ENDM
                 
                 	.MACRO __POINTWRM
                 	LDI  R@0,LOW(@2)
                 	LDI  R@1,HIGH(@2)
                 	.ENDM
                 
                 	.MACRO __POINTBRMN
                 	LDI  R@0,LOW(@1+(@2))
                 	.ENDM
                 
                 	.MACRO __POINTWRMN
                 	LDI  R@0,LOW(@2+(@3))
                 	LDI  R@1,HIGH(@2+(@3))
                 	.ENDM
                 
                 	.MACRO __POINTWRFN
                 	LDI  R@0,LOW(@2*2+(@3))
                 	LDI  R@1,HIGH(@2*2+(@3))
                 	.ENDM
                 
                 	.MACRO __GETD1N
                 	LDI  R30,LOW(@0)
                 	LDI  R31,HIGH(@0)
                 	LDI  R22,BYTE3(@0)
                 	LDI  R23,BYTE4(@0)
                 	.ENDM
                 
                 	.MACRO __GETD2N
                 	LDI  R26,LOW(@0)
                 	LDI  R27,HIGH(@0)
                 	LDI  R24,BYTE3(@0)
                 	LDI  R25,BYTE4(@0)
                 	.ENDM
                 
                 	.MACRO __GETB1MN
                 	LDS  R30,@0+(@1)
                 	.ENDM
                 
                 	.MACRO __GETB1HMN
                 	LDS  R31,@0+(@1)
                 	.ENDM
                 
                 	.MACRO __GETW1MN
                 	LDS  R30,@0+(@1)
                 	LDS  R31,@0+(@1)+1
                 	.ENDM
                 
                 	.MACRO __GETD1MN
                 	LDS  R30,@0+(@1)
                 	LDS  R31,@0+(@1)+1
                 	LDS  R22,@0+(@1)+2
                 	LDS  R23,@0+(@1)+3
                 	.ENDM
                 
                 	.MACRO __GETBRMN
                 	LDS  R@0,@1+(@2)
                 	.ENDM
                 
                 	.MACRO __GETWRMN
                 	LDS  R@0,@2+(@3)
                 	LDS  R@1,@2+(@3)+1
                 	.ENDM
                 
                 	.MACRO __GETWRZ
                 	LDD  R@0,Z+@2
                 	LDD  R@1,Z+@2+1
                 	.ENDM
                 
                 	.MACRO __GETD2Z
                 	LDD  R26,Z+@0
                 	LDD  R27,Z+@0+1
                 	LDD  R24,Z+@0+2
                 	LDD  R25,Z+@0+3
                 	.ENDM
                 
                 	.MACRO __GETB2MN
                 	LDS  R26,@0+(@1)
                 	.ENDM
                 
                 	.MACRO __GETW2MN
                 	LDS  R26,@0+(@1)
                 	LDS  R27,@0+(@1)+1
                 	.ENDM
                 
                 	.MACRO __GETD2MN
                 	LDS  R26,@0+(@1)
                 	LDS  R27,@0+(@1)+1
                 	LDS  R24,@0+(@1)+2
                 	LDS  R25,@0+(@1)+3
                 	.ENDM
                 
                 	.MACRO __PUTB1MN
                 	STS  @0+(@1),R30
                 	.ENDM
                 
                 	.MACRO __PUTW1MN
                 	STS  @0+(@1),R30
                 	STS  @0+(@1)+1,R31
                 	.ENDM
                 
                 	.MACRO __PUTD1MN
                 	STS  @0+(@1),R30
                 	STS  @0+(@1)+1,R31
                 	STS  @0+(@1)+2,R22
                 	STS  @0+(@1)+3,R23
                 	.ENDM
                 
                 	.MACRO __PUTB1EN
                 	LDI  R26,LOW(@0+(@1))
                 	LDI  R27,HIGH(@0+(@1))
                 	CALL __EEPROMWRB
                 	.ENDM
                 
                 	.MACRO __PUTW1EN
                 	LDI  R26,LOW(@0+(@1))
                 	LDI  R27,HIGH(@0+(@1))
                 	CALL __EEPROMWRW
                 	.ENDM
                 
                 	.MACRO __PUTD1EN
                 	LDI  R26,LOW(@0+(@1))
                 	LDI  R27,HIGH(@0+(@1))
                 	CALL __EEPROMWRD
                 	.ENDM
                 
                 	.MACRO __PUTBR0MN
                 	STS  @0+(@1),R0
                 	.ENDM
                 
                 	.MACRO __PUTBMRN
                 	STS  @0+(@1),R@2
                 	.ENDM
                 
                 	.MACRO __PUTWMRN
                 	STS  @0+(@1),R@2
                 	STS  @0+(@1)+1,R@3
                 	.ENDM
                 
                 	.MACRO __PUTBZR
                 	STD  Z+@1,R@0
                 	.ENDM
                 
                 	.MACRO __PUTWZR
                 	STD  Z+@2,R@0
                 	STD  Z+@2+1,R@1
                 	.ENDM
                 
                 	.MACRO __GETW1R
                 	MOV  R30,R@0
                 	MOV  R31,R@1
                 	.ENDM
                 
                 	.MACRO __GETW2R
                 	MOV  R26,R@0
                 	MOV  R27,R@1
                 	.ENDM
                 
                 	.MACRO __GETWRN
                 	LDI  R@0,LOW(@2)
                 	LDI  R@1,HIGH(@2)
                 	.ENDM
                 
                 	.MACRO __PUTW1R
                 	MOV  R@0,R30
                 	MOV  R@1,R31
                 	.ENDM
                 
                 	.MACRO __PUTW2R
                 	MOV  R@0,R26
                 	MOV  R@1,R27
                 	.ENDM
                 
                 	.MACRO __ADDWRN
                 	SUBI R@0,LOW(-@2)
                 	SBCI R@1,HIGH(-@2)
                 	.ENDM
                 
                 	.MACRO __ADDWRR
                 	ADD  R@0,R@2
                 	ADC  R@1,R@3
                 	.ENDM
                 
                 	.MACRO __SUBWRN
                 	SUBI R@0,LOW(@2)
                 	SBCI R@1,HIGH(@2)
                 	.ENDM
                 
                 	.MACRO __SUBWRR
                 	SUB  R@0,R@2
                 	SBC  R@1,R@3
                 	.ENDM
                 
                 	.MACRO __ANDWRN
                 	ANDI R@0,LOW(@2)
                 	ANDI R@1,HIGH(@2)
                 	.ENDM
                 
                 	.MACRO __ANDWRR
                 	AND  R@0,R@2
                 	AND  R@1,R@3
                 	.ENDM
                 
                 	.MACRO __ORWRN
                 	ORI  R@0,LOW(@2)
                 	ORI  R@1,HIGH(@2)
                 	.ENDM
                 
                 	.MACRO __ORWRR
                 	OR   R@0,R@2
                 	OR   R@1,R@3
                 	.ENDM
                 
                 	.MACRO __EORWRR
                 	EOR  R@0,R@2
                 	EOR  R@1,R@3
                 	.ENDM
                 
                 	.MACRO __GETWRS
                 	LDD  R@0,Y+@2
                 	LDD  R@1,Y+@2+1
                 	.ENDM
                 
                 	.MACRO __PUTBSR
                 	STD  Y+@1,R@0
                 	.ENDM
                 
                 	.MACRO __PUTWSR
                 	STD  Y+@2,R@0
                 	STD  Y+@2+1,R@1
                 	.ENDM
                 
                 	.MACRO __MOVEWRR
                 	MOV  R@0,R@2
                 	MOV  R@1,R@3
                 	.ENDM
                 
                 	.MACRO __INWR
                 	IN   R@0,@2
                 	IN   R@1,@2+1
                 	.ENDM
                 
                 	.MACRO __OUTWR
                 	OUT  @2+1,R@1
                 	OUT  @2,R@0
                 	.ENDM
                 
                 	.MACRO __CALL1MN
                 	LDS  R30,@0+(@1)
                 	LDS  R31,@0+(@1)+1
                 	ICALL
                 	.ENDM
                 
                 	.MACRO __CALL1FN
                 	LDI  R30,LOW(2*@0+(@1))
                 	LDI  R31,HIGH(2*@0+(@1))
                 	CALL __GETW1PF
                 	ICALL
                 	.ENDM
                 
                 	.MACRO __CALL2EN
                 	PUSH R26
                 	PUSH R27
                 	LDI  R26,LOW(@0+(@1))
                 	LDI  R27,HIGH(@0+(@1))
                 	CALL __EEPROMRDW
                 	POP  R27
                 	POP  R26
                 	ICALL
                 	.ENDM
                 
                 	.MACRO __CALL2EX
                 	SUBI R26,LOW(-@0)
                 	SBCI R27,HIGH(-@0)
                 	CALL __EEPROMRDD
                 	ICALL
                 	.ENDM
                 
                 	.MACRO __GETW1STACK
                 	IN   R30,SPL
                 	IN   R31,SPH
                 	ADIW R30,@0+1
                 	LD   R0,Z+
                 	LD   R31,Z
                 	MOV  R30,R0
                 	.ENDM
                 
                 	.MACRO __GETD1STACK
                 	IN   R30,SPL
                 	IN   R31,SPH
                 	ADIW R30,@0+1
                 	LD   R0,Z+
                 	LD   R1,Z+
                 	LD   R22,Z
                 	MOVW R30,R0
                 	.ENDM
                 
                 	.MACRO __NBST
                 	BST  R@0,@1
                 	IN   R30,SREG
                 	LDI  R31,0x40
                 	EOR  R30,R31
                 	OUT  SREG,R30
                 	.ENDM
                 
                 
                 	.MACRO __PUTB1SN
                 	LDD  R26,Y+@0
                 	LDD  R27,Y+@0+1
                 	SUBI R26,LOW(-@1)
                 	SBCI R27,HIGH(-@1)
                 	ST   X,R30
                 	.ENDM
                 
                 	.MACRO __PUTW1SN
                 	LDD  R26,Y+@0
                 	LDD  R27,Y+@0+1
                 	SUBI R26,LOW(-@1)
                 	SBCI R27,HIGH(-@1)
                 	ST   X+,R30
                 	ST   X,R31
                 	.ENDM
                 
                 	.MACRO __PUTD1SN
                 	LDD  R26,Y+@0
                 	LDD  R27,Y+@0+1
                 	SUBI R26,LOW(-@1)
                 	SBCI R27,HIGH(-@1)
                 	CALL __PUTDP1
                 	.ENDM
                 
                 	.MACRO __PUTB1SNS
                 	LDD  R26,Y+@0
                 	LDD  R27,Y+@0+1
                 	ADIW R26,@1
                 	ST   X,R30
                 	.ENDM
                 
                 	.MACRO __PUTW1SNS
                 	LDD  R26,Y+@0
                 	LDD  R27,Y+@0+1
                 	ADIW R26,@1
                 	ST   X+,R30
                 	ST   X,R31
                 	.ENDM
                 
                 	.MACRO __PUTD1SNS
                 	LDD  R26,Y+@0
                 	LDD  R27,Y+@0+1
                 	ADIW R26,@1
                 	CALL __PUTDP1
                 	.ENDM
                 
                 	.MACRO __PUTB1PMN
                 	LDS  R26,@0
                 	LDS  R27,@0+1
                 	SUBI R26,LOW(-@1)
                 	SBCI R27,HIGH(-@1)
                 	ST   X,R30
                 	.ENDM
                 
                 	.MACRO __PUTW1PMN
                 	LDS  R26,@0
                 	LDS  R27,@0+1
                 	SUBI R26,LOW(-@1)
                 	SBCI R27,HIGH(-@1)
                 	ST   X+,R30
                 	ST   X,R31
                 	.ENDM
                 
                 	.MACRO __PUTD1PMN
                 	LDS  R26,@0
                 	LDS  R27,@0+1
                 	SUBI R26,LOW(-@1)
                 	SBCI R27,HIGH(-@1)
                 	CALL __PUTDP1
                 	.ENDM
                 
                 	.MACRO __PUTB1PMNS
                 	LDS  R26,@0
                 	LDS  R27,@0+1
                 	ADIW R26,@1
                 	ST   X,R30
                 	.ENDM
                 
                 	.MACRO __PUTW1PMNS
                 	LDS  R26,@0
                 	LDS  R27,@0+1
                 	ADIW R26,@1
                 	ST   X+,R30
                 	ST   X,R31
                 	.ENDM
                 
                 	.MACRO __PUTD1PMNS
                 	LDS  R26,@0
                 	LDS  R27,@0+1
                 	ADIW R26,@1
                 	CALL __PUTDP1
                 	.ENDM
                 
                 	.MACRO __PUTB1RN
                 	MOVW R26,R@0
                 	SUBI R26,LOW(-@1)
                 	SBCI R27,HIGH(-@1)
                 	ST   X,R30
                 	.ENDM
                 
                 	.MACRO __PUTW1RN
                 	MOVW R26,R@0
                 	SUBI R26,LOW(-@1)
                 	SBCI R27,HIGH(-@1)
                 	ST   X+,R30
                 	ST   X,R31
                 	.ENDM
                 
                 	.MACRO __PUTD1RN
                 	MOVW R26,R@0
                 	SUBI R26,LOW(-@1)
                 	SBCI R27,HIGH(-@1)
                 	CALL __PUTDP1
                 	.ENDM
                 
                 	.MACRO __PUTB1RNS
                 	MOVW R26,R@0
                 	ADIW R26,@1
                 	ST   X,R30
                 	.ENDM
                 
                 	.MACRO __PUTW1RNS
                 	MOVW R26,R@0
                 	ADIW R26,@1
                 	ST   X+,R30
                 	ST   X,R31
                 	.ENDM
                 
                 	.MACRO __PUTD1RNS
                 	MOVW R26,R@0
                 	ADIW R26,@1
                 	CALL __PUTDP1
                 	.ENDM
                 
                 	.MACRO __PUTB1RON
                 	MOV  R26,R@0
                 	MOV  R27,R@1
                 	SUBI R26,LOW(-@2)
                 	SBCI R27,HIGH(-@2)
                 	ST   X,R30
                 	.ENDM
                 
                 	.MACRO __PUTW1RON
                 	MOV  R26,R@0
                 	MOV  R27,R@1
                 	SUBI R26,LOW(-@2)
                 	SBCI R27,HIGH(-@2)
                 	ST   X+,R30
                 	ST   X,R31
                 	.ENDM
                 
                 	.MACRO __PUTD1RON
                 	MOV  R26,R@0
                 	MOV  R27,R@1
                 	SUBI R26,LOW(-@2)
                 	SBCI R27,HIGH(-@2)
                 	CALL __PUTDP1
                 	.ENDM
                 
                 	.MACRO __PUTB1RONS
                 	MOV  R26,R@0
                 	MOV  R27,R@1
                 	ADIW R26,@2
                 	ST   X,R30
                 	.ENDM
                 
                 	.MACRO __PUTW1RONS
                 	MOV  R26,R@0
                 	MOV  R27,R@1
                 	ADIW R26,@2
                 	ST   X+,R30
                 	ST   X,R31
                 	.ENDM
                 
                 	.MACRO __PUTD1RONS
                 	MOV  R26,R@0
                 	MOV  R27,R@1
                 	ADIW R26,@2
                 	CALL __PUTDP1
                 	.ENDM
                 
                 
                 	.MACRO __GETB1SX
                 	MOVW R30,R28
                 	SUBI R30,LOW(-@0)
                 	SBCI R31,HIGH(-@0)
                 	LD   R30,Z
                 	.ENDM
                 
                 	.MACRO __GETB1HSX
                 	MOVW R30,R28
                 	SUBI R30,LOW(-@0)
                 	SBCI R31,HIGH(-@0)
                 	LD   R31,Z
                 	.ENDM
                 
                 	.MACRO __GETW1SX
                 	MOVW R30,R28
                 	SUBI R30,LOW(-@0)
                 	SBCI R31,HIGH(-@0)
                 	LD   R0,Z+
                 	LD   R31,Z
                 	MOV  R30,R0
                 	.ENDM
                 
                 	.MACRO __GETD1SX
                 	MOVW R30,R28
                 	SUBI R30,LOW(-@0)
                 	SBCI R31,HIGH(-@0)
                 	LD   R0,Z+
                 	LD   R1,Z+
                 	LD   R22,Z+
                 	LD   R23,Z
                 	MOVW R30,R0
                 	.ENDM
                 
                 	.MACRO __GETB2SX
                 	MOVW R26,R28
                 	SUBI R26,LOW(-@0)
                 	SBCI R27,HIGH(-@0)
                 	LD   R26,X
                 	.ENDM
                 
                 	.MACRO __GETW2SX
                 	MOVW R26,R28
                 	SUBI R26,LOW(-@0)
                 	SBCI R27,HIGH(-@0)
                 	LD   R0,X+
                 	LD   R27,X
                 	MOV  R26,R0
                 	.ENDM
                 
                 	.MACRO __GETD2SX
                 	MOVW R26,R28
                 	SUBI R26,LOW(-@0)
                 	SBCI R27,HIGH(-@0)
                 	LD   R0,X+
                 	LD   R1,X+
                 	LD   R24,X+
                 	LD   R25,X
                 	MOVW R26,R0
                 	.ENDM
                 
                 	.MACRO __GETBRSX
                 	MOVW R30,R28
                 	SUBI R30,LOW(-@1)
                 	SBCI R31,HIGH(-@1)
                 	LD   R@0,Z
                 	.ENDM
                 
                 	.MACRO __GETWRSX
                 	MOVW R30,R28
                 	SUBI R30,LOW(-@2)
                 	SBCI R31,HIGH(-@2)
                 	LD   R@0,Z+
                 	LD   R@1,Z
                 	.ENDM
                 
                 	.MACRO __GETBRSX2
                 	MOVW R26,R28
                 	SUBI R26,LOW(-@1)
                 	SBCI R27,HIGH(-@1)
                 	LD   R@0,X
                 	.ENDM
                 
                 	.MACRO __GETWRSX2
                 	MOVW R26,R28
                 	SUBI R26,LOW(-@2)
                 	SBCI R27,HIGH(-@2)
                 	LD   R@0,X+
                 	LD   R@1,X
                 	.ENDM
                 
                 	.MACRO __LSLW8SX
                 	MOVW R30,R28
                 	SUBI R30,LOW(-@0)
                 	SBCI R31,HIGH(-@0)
                 	LD   R31,Z
                 	CLR  R30
                 	.ENDM
                 
                 	.MACRO __PUTB1SX
                 	MOVW R26,R28
                 	SUBI R26,LOW(-@0)
                 	SBCI R27,HIGH(-@0)
                 	ST   X,R30
                 	.ENDM
                 
                 	.MACRO __PUTW1SX
                 	MOVW R26,R28
                 	SUBI R26,LOW(-@0)
                 	SBCI R27,HIGH(-@0)
                 	ST   X+,R30
                 	ST   X,R31
                 	.ENDM
                 
                 	.MACRO __PUTD1SX
                 	MOVW R26,R28
                 	SUBI R26,LOW(-@0)
                 	SBCI R27,HIGH(-@0)
                 	ST   X+,R30
                 	ST   X+,R31
                 	ST   X+,R22
                 	ST   X,R23
                 	.ENDM
                 
                 	.MACRO __CLRW1SX
                 	MOVW R26,R28
                 	SUBI R26,LOW(-@0)
                 	SBCI R27,HIGH(-@0)
                 	ST   X+,R30
                 	ST   X,R30
                 	.ENDM
                 
                 	.MACRO __CLRD1SX
                 	MOVW R26,R28
                 	SUBI R26,LOW(-@0)
                 	SBCI R27,HIGH(-@0)
                 	ST   X+,R30
                 	ST   X+,R30
                 	ST   X+,R30
                 	ST   X,R30
                 	.ENDM
                 
                 	.MACRO __PUTB2SX
                 	MOVW R30,R28
                 	SUBI R30,LOW(-@0)
                 	SBCI R31,HIGH(-@0)
                 	ST   Z,R26
                 	.ENDM
                 
                 	.MACRO __PUTW2SX
                 	MOVW R30,R28
                 	SUBI R30,LOW(-@0)
                 	SBCI R31,HIGH(-@0)
                 	ST   Z+,R26
                 	ST   Z,R27
                 	.ENDM
                 
                 	.MACRO __PUTD2SX
                 	MOVW R30,R28
                 	SUBI R30,LOW(-@0)
                 	SBCI R31,HIGH(-@0)
                 	ST   Z+,R26
                 	ST   Z+,R27
                 	ST   Z+,R24
                 	ST   Z,R25
                 	.ENDM
                 
                 	.MACRO __PUTBSRX
                 	MOVW R30,R28
                 	SUBI R30,LOW(-@1)
                 	SBCI R31,HIGH(-@1)
                 	ST   Z,R@0
                 	.ENDM
                 
                 	.MACRO __PUTWSRX
                 	MOVW R30,R28
                 	SUBI R30,LOW(-@2)
                 	SBCI R31,HIGH(-@2)
                 	ST   Z+,R@0
                 	ST   Z,R@1
                 	.ENDM
                 
                 	.MACRO __PUTB1SNX
                 	MOVW R26,R28
                 	SUBI R26,LOW(-@0)
                 	SBCI R27,HIGH(-@0)
                 	LD   R0,X+
                 	LD   R27,X
                 	MOV  R26,R0
                 	SUBI R26,LOW(-@1)
                 	SBCI R27,HIGH(-@1)
                 	ST   X,R30
                 	.ENDM
                 
                 	.MACRO __PUTW1SNX
                 	MOVW R26,R28
                 	SUBI R26,LOW(-@0)
                 	SBCI R27,HIGH(-@0)
                 	LD   R0,X+
                 	LD   R27,X
                 	MOV  R26,R0
                 	SUBI R26,LOW(-@1)
                 	SBCI R27,HIGH(-@1)
                 	ST   X+,R30
                 	ST   X,R31
                 	.ENDM
                 
                 	.MACRO __PUTD1SNX
                 	MOVW R26,R28
                 	SUBI R26,LOW(-@0)
                 	SBCI R27,HIGH(-@0)
                 	LD   R0,X+
                 	LD   R27,X
                 	MOV  R26,R0
                 	SUBI R26,LOW(-@1)
                 	SBCI R27,HIGH(-@1)
                 	ST   X+,R30
                 	ST   X+,R31
                 	ST   X+,R22
                 	ST   X,R23
                 	.ENDM
                 
                 	.MACRO __MULBRR
                 	MULS R@0,R@1
                 	MOVW R30,R0
                 	.ENDM
                 
                 	.MACRO __MULBRRU
                 	MUL  R@0,R@1
                 	MOVW R30,R0
                 	.ENDM
                 
                 	.MACRO __MULBRR0
                 	MULS R@0,R@1
                 	.ENDM
                 
                 	.MACRO __MULBRRU0
                 	MUL  R@0,R@1
                 	.ENDM
                 
                 	.MACRO __MULBNWRU
                 	LDI  R26,@2
                 	MUL  R26,R@0
                 	MOVW R30,R0
                 	MUL  R26,R@1
                 	ADD  R31,R0
                 	.ENDM
                 
                 ;NAME DEFINITIONS FOR GLOBAL VARIABLES ALLOCATED TO REGISTERS
                 	.DEF _rx_wr_index=R5
                 	.DEF _rx_rd_index=R4
                 	.DEF _rx_counter=R7
                 	.DEF __lcd_x=R6
                 	.DEF __lcd_y=R9
                 	.DEF __lcd_maxx=R8
                 
                 	.CSEG
                 	.ORG 0x00
                 
                 ;START OF CODE MARKER
                 __START_OF_CODE:
                 
                 ;INTERRUPT VECTORS
000000 940c 0067 	JMP  __RESET
000002 940c 0000 	JMP  0x00
000004 940c 0000 	JMP  0x00
000006 940c 0000 	JMP  0x00
000008 940c 0000 	JMP  0x00
00000a 940c 0000 	JMP  0x00
00000c 940c 0000 	JMP  0x00
00000e 940c 0000 	JMP  0x00
000010 940c 0000 	JMP  0x00
000012 940c 0000 	JMP  0x00
000014 940c 0000 	JMP  0x00
000016 940c 0094 	JMP  _usart_rx_isr
000018 940c 0000 	JMP  0x00
00001a 940c 0000 	JMP  0x00
00001c 940c 0000 	JMP  0x00
00001e 940c 0000 	JMP  0x00
000020 940c 0000 	JMP  0x00
000022 940c 0000 	JMP  0x00
000024 940c 0000 	JMP  0x00
000026 940c 0000 	JMP  0x00
000028 940c 0000 	JMP  0x00
                 
                 _tbl10_G101:
00002a 2710
00002b 03e8
00002c 0064
00002d 000a      	.DB  0x10,0x27,0xE8,0x3,0x64,0x0,0xA,0x0
00002e 0001      	.DB  0x1,0x0
                 _tbl16_G101:
00002f 1000
000030 0100
000031 0010
000032 0001      	.DB  0x0,0x10,0x0,0x1,0x10,0x0,0x1,0x0
                 
                 ;REGISTER BIT VARIABLES INITIALIZATION
                 __REG_BIT_VARS:
000033 0000      	.DW  0x0000
                 
                 ;GLOBAL REGISTER VARIABLES INITIALIZATION
                 __REG_VARS:
000034 0000
000035 0000      	.DB  0x0,0x0,0x0,0x0
                 
                 _0x0:
000036 440d
000037 7461
000038 2061
000039 7369      	.DB  0xD,0x44,0x61,0x74,0x61,0x20,0x69,0x73
00003a 6920
00003b 746e
00003c 6765
00003d 7265      	.DB  0x20,0x69,0x6E,0x74,0x65,0x67,0x65,0x72
00003e 6120
00003f 646e
000040 3120
000041 2a30      	.DB  0x20,0x61,0x6E,0x64,0x20,0x31,0x30,0x2A
000042 6164
000043 6174
000044 253d
000045 3063      	.DB  0x64,0x61,0x74,0x61,0x3D,0x25,0x63,0x30
000046 000d
000047 636c
000048 2064
000049 6564      	.DB  0xD,0x0,0x6C,0x63,0x64,0x20,0x64,0x65
00004a 656c
00004b 6574
00004c 0d00
00004d 6c20      	.DB  0x6C,0x65,0x74,0x65,0x0,0xD,0x20,0x6C
00004e 7561
00004f 6867
000050 6220
000051 6475      	.DB  0x61,0x75,0x67,0x68,0x20,0x62,0x75,0x64
000052 7964
000053 0d20
000054 0d00
000055 6f6e      	.DB  0x64,0x79,0x20,0xD,0x0,0xD,0x6E,0x6F
000056 6620
000057 6e75
000058 7463
000059 6f69      	.DB  0x20,0x66,0x75,0x6E,0x63,0x74,0x69,0x6F
00005a 0d6e
C:\Users\ITJonoob\Documents\codevision\az7\q3\Debug\List\source.asm(1148): warning: .cseg .db misalignment - padding zero byte
00005b 0000      	.DB  0x6E,0xD,0x0
                 _0x2000003:
00005c c080      	.DB  0x80,0xC0
                 
                 __GLOBAL_INI_TBL:
00005d 0001      	.DW  0x01
00005e 0002      	.DW  0x02
00005f 0066      	.DW  __REG_BIT_VARS*2
                 
000060 0004      	.DW  0x04
000061 0004      	.DW  0x04
000062 0068      	.DW  __REG_VARS*2
                 
000063 0002      	.DW  0x02
000064 0168      	.DW  __base_y_G100
000065 00b8      	.DW  _0x2000003*2
                 
                 _0xFFFFFFFF:
000066 0000      	.DW  0
                 
                 #define __GLOBAL_INI_TBL_PRESENT 1
                 
                 __RESET:
000067 94f8      	CLI
000068 27ee      	CLR  R30
000069 bbec      	OUT  EECR,R30
                 
                 ;INTERRUPT VECTORS ARE PLACED
                 ;AT THE START OF FLASH
00006a e0f1      	LDI  R31,1
00006b bffb      	OUT  GICR,R31
00006c bfeb      	OUT  GICR,R30
00006d bfe5      	OUT  MCUCR,R30
                 
                 ;CLEAR R2-R14
00006e e08d      	LDI  R24,(14-2)+1
00006f e0a2      	LDI  R26,2
000070 27bb      	CLR  R27
                 __CLEAR_REG:
000071 93ed      	ST   X+,R30
000072 958a      	DEC  R24
000073 f7e9      	BRNE __CLEAR_REG
                 
                 ;CLEAR SRAM
000074 e080      	LDI  R24,LOW(__CLEAR_SRAM_SIZE)
000075 e094      	LDI  R25,HIGH(__CLEAR_SRAM_SIZE)
000076 e6a0      	LDI  R26,__SRAM_START
                 __CLEAR_SRAM:
000077 93ed      	ST   X+,R30
000078 9701      	SBIW R24,1
000079 f7e9      	BRNE __CLEAR_SRAM
                 
                 ;GLOBAL VARIABLES INITIALIZATION
00007a ebea      	LDI  R30,LOW(__GLOBAL_INI_TBL*2)
00007b e0f0      	LDI  R31,HIGH(__GLOBAL_INI_TBL*2)
                 __GLOBAL_INI_NEXT:
00007c 9185      	LPM  R24,Z+
00007d 9195      	LPM  R25,Z+
00007e 9700      	SBIW R24,0
00007f f061      	BREQ __GLOBAL_INI_END
000080 91a5      	LPM  R26,Z+
000081 91b5      	LPM  R27,Z+
000082 9005      	LPM  R0,Z+
000083 9015      	LPM  R1,Z+
000084 01bf      	MOVW R22,R30
000085 01f0      	MOVW R30,R0
                 __GLOBAL_INI_LOOP:
000086 9005      	LPM  R0,Z+
000087 920d      	ST   X+,R0
000088 9701      	SBIW R24,1
000089 f7e1      	BRNE __GLOBAL_INI_LOOP
00008a 01fb      	MOVW R30,R22
00008b cff0      	RJMP __GLOBAL_INI_NEXT
                 __GLOBAL_INI_END:
                 
                 ;HARDWARE STACK POINTER INITIALIZATION
00008c e5ef      	LDI  R30,LOW(__SRAM_END-__HEAP_SIZE)
00008d bfed      	OUT  SPL,R30
00008e e0e4      	LDI  R30,HIGH(__SRAM_END-__HEAP_SIZE)
00008f bfee      	OUT  SPH,R30
                 
                 ;DATA STACK POINTER INITIALIZATION
000090 e6c0      	LDI  R28,LOW(__SRAM_START+__DSTACK_SIZE)
000091 e0d1      	LDI  R29,HIGH(__SRAM_START+__DSTACK_SIZE)
                 
000092 940c 00df 	JMP  _main
                 
                 	.ESEG
                 	.ORG 0
                 
                 	.DSEG
                 	.ORG 0x160
                 
                 	.CSEG
                 ;/*******************************************************
                 ;This program was created by the
                 ;CodeWizardAVR V3.12 Advanced
                 ;Automatic Program Generator
                 ;© Copyright 1998-2014 Pavel Haiduc, HP InfoTech s.r.l.
                 ;http://www.hpinfotech.com
                 ;
                 ;Project :
                 ;Version :
                 ;Date    : 12/9/2020
                 ;Author  :
                 ;Company :
                 ;Comments:
                 ;
                 ;
                 ;Chip type               : ATmega16
                 ;Program type            : Application
                 ;AVR Core Clock frequency: 8.000000 MHz
                 ;Memory model            : Small
                 ;External RAM size       : 0
                 ;Data Stack size         : 256
                 ;*******************************************************/
                 ;
                 ;#include <mega16.h>
                 	#ifndef __SLEEP_DEFINED__
                 	#define __SLEEP_DEFINED__
                 	.EQU __se_bit=0x40
                 	.EQU __sm_mask=0xB0
                 	.EQU __sm_powerdown=0x20
                 	.EQU __sm_powersave=0x30
                 	.EQU __sm_standby=0xA0
                 	.EQU __sm_ext_standby=0xB0
                 	.EQU __sm_adc_noise_red=0x10
                 	.SET power_ctrl_reg=mcucr
                 	#endif
                 ;#include <initialization.h>
                 ;// Alphanumeric LCD functions
                 ;#include <alcd.h>
                 ;#include <stdio.h>
                 ;// Declare your global variables here
                 ;
                 ;
                 ;#define DATA_REGISTER_EMPTY (1<<UDRE)
                 ;#define RX_COMPLETE (1<<RXC)
                 ;#define FRAMING_ERROR (1<<FE)
                 ;#define PARITY_ERROR (1<<UPE)
                 ;#define DATA_OVERRUN (1<<DOR)
                 ;
                 ;// USART Receiver buffer
                 ;#define RX_BUFFER_SIZE 8
                 ;char rx_buffer[RX_BUFFER_SIZE];
                 ;
                 ;#if RX_BUFFER_SIZE <= 256
                 ;unsigned char rx_wr_index=0,rx_rd_index=0;
                 ;#else
                 ;unsigned int rx_wr_index=0,rx_rd_index=0;
                 ;#endif
                 ;
                 ;#if RX_BUFFER_SIZE < 256
                 ;unsigned char rx_counter=0;
                 ;#else
                 ;unsigned int rx_counter=0;
                 ;#endif
                 ;
                 ;// This flag is set on USART Receiver buffer overflow
                 ;bit rx_buffer_overflow;
                 ;
                 ;// USART Receiver interrupt service routine
                 ;interrupt [USART_RXC] void usart_rx_isr(void)
                 ; 0000 003B {
                 
                 	.CSEG
                 _usart_rx_isr:
                 ; .FSTART _usart_rx_isr
000094 920a      	ST   -Y,R0
000095 921a      	ST   -Y,R1
000096 92fa      	ST   -Y,R15
000097 936a      	ST   -Y,R22
000098 937a      	ST   -Y,R23
000099 938a      	ST   -Y,R24
00009a 939a      	ST   -Y,R25
00009b 93aa      	ST   -Y,R26
00009c 93ba      	ST   -Y,R27
00009d 93ea      	ST   -Y,R30
00009e 93fa      	ST   -Y,R31
00009f b7ef      	IN   R30,SREG
0000a0 93ea      	ST   -Y,R30
                 ; 0000 003C char status,data;
                 ; 0000 003D status=UCSRA;
0000a1 931a      	ST   -Y,R17
0000a2 930a      	ST   -Y,R16
                 ;	status -> R17
                 ;	data -> R16
0000a3 b11b      	IN   R17,11
                 ; 0000 003E data=UDR;
0000a4 b10c      	IN   R16,12
                 ; 0000 003F if(data>='0' && data<='9')
0000a5 3300      	CPI  R16,48
0000a6 f010      	BRLO _0x4
0000a7 330a      	CPI  R16,58
0000a8 f008      	BRLO _0x5
                 _0x4:
0000a9 c00f      	RJMP _0x3
                 _0x5:
                 ; 0000 0040 {
                 ; 0000 0041  printf("\rData is integer and 10*data=%c0\r",data);
                +
0000aa e6ec     +LDI R30 , LOW ( 2 * _0x0 + ( 0 ) )
0000ab e0f0     +LDI R31 , HIGH ( 2 * _0x0 + ( 0 ) )
                 	__POINTW1FN _0x0,0
0000ac 93fa      	ST   -Y,R31
0000ad 93ea      	ST   -Y,R30
0000ae 2fe0      	MOV  R30,R16
0000af 27ff      	CLR  R31
0000b0 2766      	CLR  R22
0000b1 2777      	CLR  R23
0000b2 940e 044b 	CALL __PUTPARD1
0000b4 e084      	LDI  R24,4
0000b5 940e 0342 	CALL _printf
0000b7 9626      	ADIW R28,6
                 ; 0000 0042  }
                 ; 0000 0043 else if(data=='D')
0000b8 c016      	RJMP _0x6
                 _0x3:
0000b9 3404      	CPI  R16,68
0000ba f439      	BRNE _0x7
                 ; 0000 0044 {
                 ; 0000 0045 lcd_clear();
0000bb 940e 019a 	CALL _lcd_clear
                 ; 0000 0046 lcd_putsf("lcd delete");
                +
0000bd e8ae     +LDI R26 , LOW ( 2 * _0x0 + ( 34 ) )
0000be e0b0     +LDI R27 , HIGH ( 2 * _0x0 + ( 34 ) )
                 	__POINTW2FN _0x0,34
0000bf 940e 01bb 	CALL _lcd_putsf
                 ; 0000 0047 }
                 ; 0000 0048 else if(data=='H')
0000c1 c00d      	RJMP _0x8
                 _0x7:
0000c2 3408      	CPI  R16,72
0000c3 f419      	BRNE _0x9
                 ; 0000 0049 {
                 ; 0000 004A  printf("\r laugh buddy \r");
                +
0000c4 e9e9     +LDI R30 , LOW ( 2 * _0x0 + ( 45 ) )
0000c5 e0f0     +LDI R31 , HIGH ( 2 * _0x0 + ( 45 ) )
                 	__POINTW1FN _0x0,45
0000c6 c002      	RJMP _0x13
                 ; 0000 004B  }
                 ; 0000 004C else
                 _0x9:
                 ; 0000 004D {
                 ; 0000 004E  printf("\rno function\r");
                +
0000c7 eae9     +LDI R30 , LOW ( 2 * _0x0 + ( 61 ) )
0000c8 e0f0     +LDI R31 , HIGH ( 2 * _0x0 + ( 61 ) )
                 	__POINTW1FN _0x0,61
                 _0x13:
0000c9 93fa      	ST   -Y,R31
0000ca 93ea      	ST   -Y,R30
0000cb e080      	LDI  R24,0
0000cc 940e 0342 	CALL _printf
0000ce 9622      	ADIW R28,2
                 ; 0000 004F  }
                 _0x8:
                 _0x6:
                 ; 0000 0050 }
0000cf 9109      	LD   R16,Y+
0000d0 9119      	LD   R17,Y+
0000d1 91e9      	LD   R30,Y+
0000d2 bfef      	OUT  SREG,R30
0000d3 91f9      	LD   R31,Y+
0000d4 91e9      	LD   R30,Y+
0000d5 91b9      	LD   R27,Y+
0000d6 91a9      	LD   R26,Y+
0000d7 9199      	LD   R25,Y+
0000d8 9189      	LD   R24,Y+
0000d9 9179      	LD   R23,Y+
0000da 9169      	LD   R22,Y+
0000db 90f9      	LD   R15,Y+
0000dc 9019      	LD   R1,Y+
0000dd 9009      	LD   R0,Y+
0000de 9518      	RETI
                 ; .FEND
                 ;#ifndef _DEBUG_TERMINAL_IO_
                 ;// Get a character from the USART Receiver buffer
                 ;#define _ALTERNATE_GETCHAR_
                 ;#pragma used+
                 ;char getchar(void)
                 ; 0000 0056 {
                 ; 0000 0057 char data;
                 ; 0000 0058 while (rx_counter==0);
                 ;	data -> R17
                 ; 0000 0059 data=rx_buffer[rx_rd_index++];
                 ; 0000 005A #if RX_BUFFER_SIZE != 256
                 ; 0000 005B if (rx_rd_index == RX_BUFFER_SIZE) rx_rd_index=0;
                 ; 0000 005C #endif
                 ; 0000 005D #asm("cli")
                 ; 0000 005E --rx_counter;
                 ; 0000 005F #asm("sei")
                 ; 0000 0060 return data;
                 ; 0000 0061 }
                 ;#pragma used-
                 ;#endif
                 ;
                 ;// Standard Input/Output functions
                 ;
                 ;
                 ;void main(void)
                 ; 0000 0069 {
                 _main:
                 ; .FSTART _main
                 ; 0000 006A // Declare your local variables here
                 ; 0000 006B 
                 ; 0000 006C // Input/Output Ports initialization
                 ; 0000 006D // Port A initialization
                 ; 0000 006E // Function: Bit7=In Bit6=In Bit5=In Bit4=In Bit3=In Bit2=In Bit1=In Bit0=In
                 ; 0000 006F DDRA=(0<<DDA7) | (0<<DDA6) | (0<<DDA5) | (0<<DDA4) | (0<<DDA3) | (0<<DDA2) | (0<<DDA1) | (0<<DDA0);
0000df e0e0      	LDI  R30,LOW(0)
0000e0 bbea      	OUT  0x1A,R30
                 ; 0000 0070 // State: Bit7=T Bit6=T Bit5=T Bit4=T Bit3=T Bit2=T Bit1=T Bit0=T
                 ; 0000 0071 PORTA=(0<<PORTA7) | (0<<PORTA6) | (0<<PORTA5) | (0<<PORTA4) | (0<<PORTA3) | (0<<PORTA2) | (0<<PORTA1) | (0<<PORTA0);
0000e1 bbeb      	OUT  0x1B,R30
                 ; 0000 0072 
                 ; 0000 0073 // Port B initialization
                 ; 0000 0074 // Function: Bit7=In Bit6=In Bit5=In Bit4=In Bit3=In Bit2=In Bit1=In Bit0=In
                 ; 0000 0075 DDRB=(0<<DDB7) | (0<<DDB6) | (0<<DDB5) | (0<<DDB4) | (0<<DDB3) | (0<<DDB2) | (0<<DDB1) | (0<<DDB0);
0000e2 bbe7      	OUT  0x17,R30
                 ; 0000 0076 // State: Bit7=T Bit6=T Bit5=T Bit4=T Bit3=T Bit2=T Bit1=T Bit0=T
                 ; 0000 0077 PORTB=(0<<PORTB7) | (0<<PORTB6) | (0<<PORTB5) | (0<<PORTB4) | (0<<PORTB3) | (0<<PORTB2) | (0<<PORTB1) | (0<<PORTB0);
0000e3 bbe8      	OUT  0x18,R30
                 ; 0000 0078 
                 ; 0000 0079 // Port C initialization
                 ; 0000 007A // Function: Bit7=Out Bit6=Out Bit5=Out Bit4=Out Bit3=Out Bit2=Out Bit1=Out Bit0=Out
                 ; 0000 007B DDRC=(1<<DDC7) | (1<<DDC6) | (1<<DDC5) | (1<<DDC4) | (1<<DDC3) | (1<<DDC2) | (1<<DDC1) | (1<<DDC0);
0000e4 efef      	LDI  R30,LOW(255)
0000e5 bbe4      	OUT  0x14,R30
                 ; 0000 007C // State: Bit7=0 Bit6=0 Bit5=0 Bit4=0 Bit3=0 Bit2=0 Bit1=0 Bit0=0
                 ; 0000 007D PORTC=(0<<PORTC7) | (0<<PORTC6) | (0<<PORTC5) | (0<<PORTC4) | (0<<PORTC3) | (0<<PORTC2) | (0<<PORTC1) | (0<<PORTC0);
0000e6 e0e0      	LDI  R30,LOW(0)
0000e7 bbe5      	OUT  0x15,R30
                 ; 0000 007E 
                 ; 0000 007F // Port D initialization
                 ; 0000 0080 // Function: Bit7=In Bit6=In Bit5=In Bit4=In Bit3=In Bit2=In Bit1=In Bit0=In
                 ; 0000 0081 DDRD=(0<<DDD7) | (0<<DDD6) | (0<<DDD5) | (0<<DDD4) | (0<<DDD3) | (0<<DDD2) | (0<<DDD1) | (0<<DDD0);
0000e8 bbe1      	OUT  0x11,R30
                 ; 0000 0082 // State: Bit7=T Bit6=T Bit5=T Bit4=T Bit3=T Bit2=T Bit1=T Bit0=T
                 ; 0000 0083 PORTD=(0<<PORTD7) | (0<<PORTD6) | (0<<PORTD5) | (0<<PORTD4) | (0<<PORTD3) | (0<<PORTD2) | (0<<PORTD1) | (0<<PORTD0);
0000e9 bbe2      	OUT  0x12,R30
                 ; 0000 0084 
                 ; 0000 0085 // USART initialization
                 ; 0000 0086 // Communication Parameters: 8 Data, 1 Stop, No Parity
                 ; 0000 0087 // USART Receiver: On
                 ; 0000 0088 // USART Transmitter: On
                 ; 0000 0089 // USART Mode: Asynchronous
                 ; 0000 008A // USART Baud Rate: 9600
                 ; 0000 008B 
                 ; 0000 008C 
                 ; 0000 008D // Alphanumeric LCD initialization
                 ; 0000 008E // Connections are specified in the
                 ; 0000 008F // Project|Configure|C Compiler|Libraries|Alphanumeric LCD menu:
                 ; 0000 0090 // RS - PORTC Bit 0
                 ; 0000 0091 // RD - PORTC Bit 1
                 ; 0000 0092 // EN - PORTC Bit 2
                 ; 0000 0093 // D4 - PORTC Bit 4
                 ; 0000 0094 // D5 - PORTC Bit 5
                 ; 0000 0095 // D6 - PORTC Bit 6
                 ; 0000 0096 // D7 - PORTC Bit 7
                 ; 0000 0097 // Characters/line: 16
                 ; 0000 0098 lcd_init(16);
0000ea e1a0      	LDI  R26,LOW(16)
0000eb 940e 01cd 	CALL _lcd_init
                 ; 0000 0099 initialization_USART(9600,11,01);
0000ed e8e0      	LDI  R30,LOW(9600)
0000ee e2f5      	LDI  R31,HIGH(9600)
0000ef 93fa      	ST   -Y,R31
0000f0 93ea      	ST   -Y,R30
0000f1 e0eb      	LDI  R30,LOW(11)
0000f2 e0f0      	LDI  R31,HIGH(11)
0000f3 93fa      	ST   -Y,R31
0000f4 93ea      	ST   -Y,R30
0000f5 e0a1      	LDI  R26,LOW(1)
0000f6 e0b0      	LDI  R27,0
0000f7 d003      	RCALL _initialization_USART
                 ; 0000 009A // Global enable interrupts
                 ; 0000 009B #asm("sei")
0000f8 9478      	sei
                 ; 0000 009C 
                 ; 0000 009D while (1)
                 _0xF:
                 ; 0000 009E       {
                 ; 0000 009F       // Place your code here
                 ; 0000 00A0 
                 ; 0000 00A1       }
0000f9 cfff      	RJMP _0xF
                 ; 0000 00A2 }
                 _0x12:
0000fa cfff      	RJMP _0x12
                 ; .FEND
                 ;#include <mega16.h>
                 	#ifndef __SLEEP_DEFINED__
                 	#endif
                 ;#include <stdio.h>
                 ;void initialization_USART(int baudrate,int RX,int TX)
                 ; 0001 0004 {
                 
                 	.CSEG
                 _initialization_USART:
                 ; .FSTART _initialization_USART
                 ; 0001 0005 int x,a=0,b=0,c=0,d=0,e=0,f=0;
                 ; 0001 0006 //c=ÝÚÇá ÓÇÒí æÞÝå íÑäÏå //d=ÝÚÇá ÓÇÒí íÑäÏå //  e= ÝÚÇá ÓÇÒí æÞÝå ÝÑÓÊäÏå // g=ÝÚÇá ÓÇÒí ÝÑÓÊäÏå//
                 ; 0001 0007 
                 ; 0001 0008 c=RX/10;
0000fb 93ba      	ST   -Y,R27
0000fc 93aa      	ST   -Y,R26
0000fd 9728      	SBIW R28,8
0000fe e0e0      	LDI  R30,LOW(0)
0000ff 83e8      	ST   Y,R30
000100 83e9      	STD  Y+1,R30
000101 83ea      	STD  Y+2,R30
000102 83eb      	STD  Y+3,R30
000103 83ec      	STD  Y+4,R30
000104 83ed      	STD  Y+5,R30
000105 83ee      	STD  Y+6,R30
000106 83ef      	STD  Y+7,R30
000107 940e 0450 	CALL __SAVELOCR6
                 ;	baudrate -> Y+18
                 ;	RX -> Y+16
                 ;	TX -> Y+14
                 ;	x -> R16,R17
                 ;	a -> R18,R19
                 ;	b -> R20,R21
                 ;	c -> Y+12
                 ;	d -> Y+10
                 ;	e -> Y+8
                 ;	f -> Y+6
                +
000109 e020     +LDI R18 , LOW ( 0 )
00010a e030     +LDI R19 , HIGH ( 0 )
                 	__GETWRN 18,19,0
                +
00010b e040     +LDI R20 , LOW ( 0 )
00010c e050     +LDI R21 , HIGH ( 0 )
                 	__GETWRN 20,21,0
00010d 89a8      	LDD  R26,Y+16
00010e 89b9      	LDD  R27,Y+16+1
00010f e0ea      	LDI  R30,LOW(10)
000110 e0f0      	LDI  R31,HIGH(10)
000111 940e 03e5 	CALL __DIVW21
000113 87ec      	STD  Y+12,R30
000114 87fd      	STD  Y+12+1,R31
                 ; 0001 0009 d=RX%10;
000115 89a8      	LDD  R26,Y+16
000116 89b9      	LDD  R27,Y+16+1
000117 e0ea      	LDI  R30,LOW(10)
000118 e0f0      	LDI  R31,HIGH(10)
000119 940e 0414 	CALL __MODW21
00011b 87ea      	STD  Y+10,R30
00011c 87fb      	STD  Y+10+1,R31
                 ; 0001 000A e=TX/10;
00011d 85ae      	LDD  R26,Y+14
00011e 85bf      	LDD  R27,Y+14+1
00011f e0ea      	LDI  R30,LOW(10)
000120 e0f0      	LDI  R31,HIGH(10)
000121 940e 03e5 	CALL __DIVW21
000123 87e8      	STD  Y+8,R30
000124 87f9      	STD  Y+8+1,R31
                 ; 0001 000B f=TX%10;
000125 85ae      	LDD  R26,Y+14
000126 85bf      	LDD  R27,Y+14+1
000127 e0ea      	LDI  R30,LOW(10)
000128 e0f0      	LDI  R31,HIGH(10)
000129 940e 0414 	CALL __MODW21
00012b 83ee      	STD  Y+6,R30
00012c 83ff      	STD  Y+6+1,R31
                 ; 0001 000C x=(500000/baudrate)-1;
00012d 89ea      	LDD  R30,Y+18
00012e 89fb      	LDD  R31,Y+18+1
00012f 940e 03cd 	CALL __CWD1
                +
000131 e2a0     +LDI R26 , LOW ( 0x7A120 )
000132 eab1     +LDI R27 , HIGH ( 0x7A120 )
000133 e087     +LDI R24 , BYTE3 ( 0x7A120 )
000134 e090     +LDI R25 , BYTE4 ( 0x7A120 )
                 	__GETD2N 0x7A120
000135 940e 040f 	CALL __DIVD21
000137 9731      	SBIW R30,1
000138 018f      	MOVW R16,R30
                 ; 0001 000D if(x<100)
                +
000139 3604     +CPI R16 , LOW ( 100 )
00013a e0e0     +LDI R30 , HIGH ( 100 )
00013b 071e     +CPC R17 , R30
                 	__CPWRN 16,17,100
00013c f424      	BRGE _0x20003
                 ; 0001 000E {
                 ; 0001 000F UBRRH=0x00;
00013d e0e0      	LDI  R30,LOW(0)
00013e bde0      	OUT  0x20,R30
                 ; 0001 0010 UBRRL=x;
00013f b909      	OUT  0x9,R16
                 ; 0001 0011 }
                 ; 0001 0012 else
000140 c00e      	RJMP _0x20004
                 _0x20003:
                 ; 0001 0013 {
                 ; 0001 0014 a=x/100;
000141 01d8      	MOVW R26,R16
000142 e6e4      	LDI  R30,LOW(100)
000143 e0f0      	LDI  R31,HIGH(100)
000144 940e 03e5 	CALL __DIVW21
000146 019f      	MOVW R18,R30
                 ; 0001 0015 b=x%100;
000147 01d8      	MOVW R26,R16
000148 e6e4      	LDI  R30,LOW(100)
000149 e0f0      	LDI  R31,HIGH(100)
00014a 940e 0414 	CALL __MODW21
00014c 01af      	MOVW R20,R30
                 ; 0001 0016 UBRRH=a;
00014d bd20      	OUT  0x20,R18
                 ; 0001 0017 UBRRL=b;
00014e b949      	OUT  0x9,R20
                 ; 0001 0018 }
                 _0x20004:
                 ; 0001 0019 UCSRA=(0<<RXC) | (0<<TXC) | (0<<UDRE) | (0<<FE) | (0<<DOR) | (0<<UPE) | (0<<U2X) | (0<<MPCM);
00014f e0e0      	LDI  R30,LOW(0)
000150 b9eb      	OUT  0xB,R30
                 ; 0001 001A UCSRB=(c<<RXCIE) | (e<<TXCIE) | (0<<UDRIE) | (d<<RXEN) | (f<<TXEN) | (0<<UCSZ2) | (0<<RXB8) | (0<<TXB8);
000151 85ec      	LDD  R30,Y+12
000152 95e7      	ROR  R30
000153 e0e0      	LDI  R30,0
000154 95e7      	ROR  R30
000155 2fae      	MOV  R26,R30
000156 85e8      	LDD  R30,Y+8
000157 95e2      	SWAP R30
000158 7fe0      	ANDI R30,0xF0
000159 0fee      	LSL  R30
00015a 0fee      	LSL  R30
00015b 2bea      	OR   R30,R26
00015c 2fae      	MOV  R26,R30
00015d 85ea      	LDD  R30,Y+10
00015e 95e2      	SWAP R30
00015f 7fe0      	ANDI R30,0xF0
000160 2bea      	OR   R30,R26
000161 2fae      	MOV  R26,R30
000162 81ee      	LDD  R30,Y+6
000163 0fee      	LSL  R30
000164 0fee      	LSL  R30
000165 0fee      	LSL  R30
000166 2bea      	OR   R30,R26
000167 b9ea      	OUT  0xA,R30
                 ; 0001 001B UCSRC=(1<<URSEL) | (0<<UMSEL) | (0<<UPM1) | (0<<UPM0) | (0<<USBS) | (1<<UCSZ1) | (1<<UCSZ0) | (0<<UCPOL);
000168 e8e6      	LDI  R30,LOW(134)
000169 bde0      	OUT  0x20,R30
                 ; 0001 001C 
                 ; 0001 001D  }
00016a 940c 033e 	JMP  _0x2080001
                 ; .FEND
                 	#ifndef __SLEEP_DEFINED__
                 	#endif
                 
                 	.DSEG
                 
                 	.CSEG
                 __lcd_write_nibble_G100:
                 ; .FSTART __lcd_write_nibble_G100
00016c 93aa      	ST   -Y,R26
00016d b3e5      	IN   R30,0x15
00016e 70ef      	ANDI R30,LOW(0xF)
00016f 2fae      	MOV  R26,R30
000170 81e8      	LD   R30,Y
000171 7fe0      	ANDI R30,LOW(0xF0)
000172 2bea      	OR   R30,R26
000173 bbe5      	OUT  0x15,R30
                +
000174 e08d     +LDI R24 , LOW ( 13 )
                +__DELAY_USB_LOOP :
000175 958a     +DEC R24
000176 f7f1     +BRNE __DELAY_USB_LOOP
                 	__DELAY_USB 13
000177 9aaa      	SBI  0x15,2
                +
000178 e08d     +LDI R24 , LOW ( 13 )
                +__DELAY_USB_LOOP :
000179 958a     +DEC R24
00017a f7f1     +BRNE __DELAY_USB_LOOP
                 	__DELAY_USB 13
00017b 98aa      	CBI  0x15,2
                +
00017c e08d     +LDI R24 , LOW ( 13 )
                +__DELAY_USB_LOOP :
00017d 958a     +DEC R24
00017e f7f1     +BRNE __DELAY_USB_LOOP
                 	__DELAY_USB 13
00017f 940c 01ff 	JMP  _0x2080003
                 ; .FEND
                 __lcd_write_data:
                 ; .FSTART __lcd_write_data
000181 93aa      	ST   -Y,R26
000182 81a8      	LD   R26,Y
000183 dfe8      	RCALL __lcd_write_nibble_G100
000184 81e8          ld    r30,y
000185 95e2          swap  r30
000186 83e8          st    y,r30
000187 81a8      	LD   R26,Y
000188 dfe3      	RCALL __lcd_write_nibble_G100
                +
000189 e885     +LDI R24 , LOW ( 133 )
                +__DELAY_USB_LOOP :
00018a 958a     +DEC R24
00018b f7f1     +BRNE __DELAY_USB_LOOP
                 	__DELAY_USB 133
00018c c072      	RJMP _0x2080003
                 ; .FEND
                 _lcd_gotoxy:
                 ; .FSTART _lcd_gotoxy
00018d 93aa      	ST   -Y,R26
00018e 81e8      	LD   R30,Y
00018f e0f0      	LDI  R31,0
000190 59e8      	SUBI R30,LOW(-__base_y_G100)
000191 4ffe      	SBCI R31,HIGH(-__base_y_G100)
000192 81e0      	LD   R30,Z
000193 81a9      	LDD  R26,Y+1
000194 0fae      	ADD  R26,R30
000195 dfeb      	RCALL __lcd_write_data
000196 8069      	LDD  R6,Y+1
000197 8098      	LDD  R9,Y+0
000198 9622      	ADIW R28,2
000199 9508      	RET
                 ; .FEND
                 _lcd_clear:
                 ; .FSTART _lcd_clear
00019a e0a2      	LDI  R26,LOW(2)
00019b 940e 0380 	CALL SUBOPT_0x0
00019d e0ac      	LDI  R26,LOW(12)
00019e dfe2      	RCALL __lcd_write_data
00019f e0a1      	LDI  R26,LOW(1)
0001a0 940e 0380 	CALL SUBOPT_0x0
0001a2 e0e0      	LDI  R30,LOW(0)
0001a3 2e9e      	MOV  R9,R30
0001a4 2e6e      	MOV  R6,R30
0001a5 9508      	RET
                 ; .FEND
                 _lcd_putchar:
                 ; .FSTART _lcd_putchar
0001a6 93aa      	ST   -Y,R26
0001a7 81a8      	LD   R26,Y
0001a8 30aa      	CPI  R26,LOW(0xA)
0001a9 f011      	BREQ _0x2000005
0001aa 1468      	CP   R6,R8
0001ab f048      	BRLO _0x2000004
                 _0x2000005:
0001ac e0e0      	LDI  R30,LOW(0)
0001ad 93ea      	ST   -Y,R30
0001ae 9493      	INC  R9
0001af 2da9      	MOV  R26,R9
0001b0 dfdc      	RCALL _lcd_gotoxy
0001b1 81a8      	LD   R26,Y
0001b2 30aa      	CPI  R26,LOW(0xA)
0001b3 f409      	BRNE _0x2000007
0001b4 c04a      	RJMP _0x2080003
                 _0x2000007:
                 _0x2000004:
0001b5 9463      	INC  R6
0001b6 9aa8      	SBI  0x15,0
0001b7 81a8      	LD   R26,Y
0001b8 dfc8      	RCALL __lcd_write_data
0001b9 98a8      	CBI  0x15,0
0001ba c044      	RJMP _0x2080003
                 ; .FEND
                 _lcd_putsf:
                 ; .FSTART _lcd_putsf
0001bb 93ba      	ST   -Y,R27
0001bc 93aa      	ST   -Y,R26
0001bd 931a      	ST   -Y,R17
                 _0x200000B:
0001be 81e9      	LDD  R30,Y+1
0001bf 81fa      	LDD  R31,Y+1+1
0001c0 9631      	ADIW R30,1
0001c1 83e9      	STD  Y+1,R30
0001c2 83fa      	STD  Y+1+1,R31
0001c3 9731      	SBIW R30,1
0001c4 91e4      	LPM  R30,Z
0001c5 2f1e      	MOV  R17,R30
0001c6 30e0      	CPI  R30,0
0001c7 f019      	BREQ _0x200000D
0001c8 2fa1      	MOV  R26,R17
0001c9 dfdc      	RCALL _lcd_putchar
0001ca cff3      	RJMP _0x200000B
                 _0x200000D:
0001cb 8118      	LDD  R17,Y+0
0001cc c03f      	RJMP _0x2080002
                 ; .FEND
                 _lcd_init:
                 ; .FSTART _lcd_init
0001cd 93aa      	ST   -Y,R26
0001ce b3e4      	IN   R30,0x14
0001cf 6fe0      	ORI  R30,LOW(0xF0)
0001d0 bbe4      	OUT  0x14,R30
0001d1 9aa2      	SBI  0x14,2
0001d2 9aa0      	SBI  0x14,0
0001d3 9aa1      	SBI  0x14,1
0001d4 98aa      	CBI  0x15,2
0001d5 98a8      	CBI  0x15,0
0001d6 98a9      	CBI  0x15,1
0001d7 8088      	LDD  R8,Y+0
0001d8 81e8      	LD   R30,Y
0001d9 58e0      	SUBI R30,-LOW(128)
                +
0001da 93e0 016a+STS __base_y_G100 + ( 2 ) , R30
                 	__PUTB1MN __base_y_G100,2
0001dc 81e8      	LD   R30,Y
0001dd 54e0      	SUBI R30,-LOW(192)
                +
0001de 93e0 016b+STS __base_y_G100 + ( 3 ) , R30
                 	__PUTB1MN __base_y_G100,3
0001e0 e1a4      	LDI  R26,LOW(20)
0001e1 e0b0      	LDI  R27,0
0001e2 940e 03b3 	CALL _delay_ms
0001e4 940e 0386 	CALL SUBOPT_0x1
0001e6 940e 0386 	CALL SUBOPT_0x1
0001e8 940e 0386 	CALL SUBOPT_0x1
0001ea e2a0      	LDI  R26,LOW(32)
0001eb df80      	RCALL __lcd_write_nibble_G100
                +
0001ec ec88     +LDI R24 , LOW ( 200 )
0001ed e090     +LDI R25 , HIGH ( 200 )
                +__DELAY_USW_LOOP :
0001ee 9701     +SBIW R24 , 1
0001ef f7f1     +BRNE __DELAY_USW_LOOP
                 	__DELAY_USW 200
0001f0 e2a8      	LDI  R26,LOW(40)
0001f1 df8f      	RCALL __lcd_write_data
0001f2 e0a4      	LDI  R26,LOW(4)
0001f3 df8d      	RCALL __lcd_write_data
0001f4 e8a5      	LDI  R26,LOW(133)
0001f5 df8b      	RCALL __lcd_write_data
0001f6 e0a6      	LDI  R26,LOW(6)
0001f7 df89      	RCALL __lcd_write_data
0001f8 dfa1      	RCALL _lcd_clear
0001f9 c005      	RJMP _0x2080003
                 ; .FEND
                 	#ifndef __SLEEP_DEFINED__
                 	#endif
                 
                 	.CSEG
                 _putchar:
                 ; .FSTART _putchar
0001fa 93aa      	ST   -Y,R26
                 putchar0:
0001fb 9b5d           sbis usr,udre
0001fc cffe           rjmp putchar0
0001fd 81e8           ld   r30,y
0001fe b9ec           out  udr,r30
                 _0x2080003:
0001ff 9621      	ADIW R28,1
000200 9508      	RET
                 ; .FEND
                 _put_usart_G101:
                 ; .FSTART _put_usart_G101
000201 93ba      	ST   -Y,R27
000202 93aa      	ST   -Y,R26
000203 81aa      	LDD  R26,Y+2
000204 dff5      	RCALL _putchar
000205 81a8      	LD   R26,Y
000206 81b9      	LDD  R27,Y+1
000207 91ed      	LD   R30,X+
000208 91fd      	LD   R31,X+
000209 9631      	ADIW R30,1
00020a 93fe      	ST   -X,R31
00020b 93ee      	ST   -X,R30
                 _0x2080002:
00020c 9623      	ADIW R28,3
00020d 9508      	RET
                 ; .FEND
                 __print_G101:
                 ; .FSTART __print_G101
00020e 93ba      	ST   -Y,R27
00020f 93aa      	ST   -Y,R26
000210 9726      	SBIW R28,6
000211 940e 0450 	CALL __SAVELOCR6
000213 e010      	LDI  R17,0
000214 85ac      	LDD  R26,Y+12
000215 85bd      	LDD  R27,Y+12+1
000216 e0e0      	LDI  R30,LOW(0)
000217 e0f0      	LDI  R31,HIGH(0)
000218 93ed      	ST   X+,R30
000219 93fc      	ST   X,R31
                 _0x2020016:
00021a 89ea      	LDD  R30,Y+18
00021b 89fb      	LDD  R31,Y+18+1
00021c 9631      	ADIW R30,1
00021d 8bea      	STD  Y+18,R30
00021e 8bfb      	STD  Y+18+1,R31
00021f 9731      	SBIW R30,1
000220 91e4      	LPM  R30,Z
000221 2f2e      	MOV  R18,R30
000222 30e0      	CPI  R30,0
000223 f409      	BRNE PC+2
000224 c115      	RJMP _0x2020018
000225 2fe1      	MOV  R30,R17
000226 30e0      	CPI  R30,0
000227 f439      	BRNE _0x202001C
000228 3225      	CPI  R18,37
000229 f411      	BRNE _0x202001D
00022a e011      	LDI  R17,LOW(1)
00022b c002      	RJMP _0x202001E
                 _0x202001D:
00022c 940e 038e 	CALL SUBOPT_0x2
                 _0x202001E:
00022e c10a      	RJMP _0x202001B
                 _0x202001C:
00022f 30e1      	CPI  R30,LOW(0x1)
000230 f4a9      	BRNE _0x202001F
000231 3225      	CPI  R18,37
000232 f419      	BRNE _0x2020020
000233 940e 038e 	CALL SUBOPT_0x2
000235 c102      	RJMP _0x20200CC
                 _0x2020020:
000236 e012      	LDI  R17,LOW(2)
000237 e040      	LDI  R20,LOW(0)
000238 e000      	LDI  R16,LOW(0)
000239 322d      	CPI  R18,45
00023a f411      	BRNE _0x2020021
00023b e001      	LDI  R16,LOW(1)
00023c c0fc      	RJMP _0x202001B
                 _0x2020021:
00023d 322b      	CPI  R18,43
00023e f411      	BRNE _0x2020022
00023f e24b      	LDI  R20,LOW(43)
000240 c0f8      	RJMP _0x202001B
                 _0x2020022:
000241 3220      	CPI  R18,32
000242 f411      	BRNE _0x2020023
000243 e240      	LDI  R20,LOW(32)
000244 c0f4      	RJMP _0x202001B
                 _0x2020023:
000245 c002      	RJMP _0x2020024
                 _0x202001F:
000246 30e2      	CPI  R30,LOW(0x2)
000247 f439      	BRNE _0x2020025
                 _0x2020024:
000248 e050      	LDI  R21,LOW(0)
000249 e013      	LDI  R17,LOW(3)
00024a 3320      	CPI  R18,48
00024b f411      	BRNE _0x2020026
00024c 6800      	ORI  R16,LOW(128)
00024d c0eb      	RJMP _0x202001B
                 _0x2020026:
00024e c003      	RJMP _0x2020027
                 _0x2020025:
00024f 30e3      	CPI  R30,LOW(0x3)
000250 f009      	BREQ PC+2
000251 c0e7      	RJMP _0x202001B
                 _0x2020027:
000252 3320      	CPI  R18,48
000253 f010      	BRLO _0x202002A
000254 332a      	CPI  R18,58
000255 f008      	BRLO _0x202002B
                 _0x202002A:
000256 c007      	RJMP _0x2020029
                 _0x202002B:
000257 e0aa      	LDI  R26,LOW(10)
000258 9f5a      	MUL  R21,R26
000259 2d50      	MOV  R21,R0
00025a 2fe2      	MOV  R30,R18
00025b 53e0      	SUBI R30,LOW(48)
00025c 0f5e      	ADD  R21,R30
00025d c0db      	RJMP _0x202001B
                 _0x2020029:
00025e 2fe2      	MOV  R30,R18
00025f 36e3      	CPI  R30,LOW(0x63)
000260 f449      	BRNE _0x202002F
000261 940e 0395 	CALL SUBOPT_0x3
000263 89e8      	LDD  R30,Y+16
000264 89f9      	LDD  R31,Y+16+1
000265 81a4      	LDD  R26,Z+4
000266 93aa      	ST   -Y,R26
000267 940e 039b 	CALL SUBOPT_0x4
000269 c0ce      	RJMP _0x2020030
                 _0x202002F:
00026a 37e3      	CPI  R30,LOW(0x73)
00026b f441      	BRNE _0x2020032
00026c 940e 0395 	CALL SUBOPT_0x3
00026e 940e 03a1 	CALL SUBOPT_0x5
000270 940e 0367 	CALL _strlen
000272 2f1e      	MOV  R17,R30
000273 c00a      	RJMP _0x2020033
                 _0x2020032:
000274 37e0      	CPI  R30,LOW(0x70)
000275 f461      	BRNE _0x2020035
000276 940e 0395 	CALL SUBOPT_0x3
000278 940e 03a1 	CALL SUBOPT_0x5
00027a 940e 0373 	CALL _strlenf
00027c 2f1e      	MOV  R17,R30
00027d 6008      	ORI  R16,LOW(8)
                 _0x2020033:
00027e 6002      	ORI  R16,LOW(2)
00027f 770f      	ANDI R16,LOW(127)
000280 e030      	LDI  R19,LOW(0)
000281 c034      	RJMP _0x2020036
                 _0x2020035:
000282 36e4      	CPI  R30,LOW(0x64)
000283 f011      	BREQ _0x2020039
000284 36e9      	CPI  R30,LOW(0x69)
000285 f411      	BRNE _0x202003A
                 _0x2020039:
000286 6004      	ORI  R16,LOW(4)
000287 c002      	RJMP _0x202003B
                 _0x202003A:
000288 37e5      	CPI  R30,LOW(0x75)
000289 f431      	BRNE _0x202003C
                 _0x202003B:
00028a e5e4      	LDI  R30,LOW(_tbl10_G101*2)
00028b e0f0      	LDI  R31,HIGH(_tbl10_G101*2)
00028c 83ee      	STD  Y+6,R30
00028d 83ff      	STD  Y+6+1,R31
00028e e015      	LDI  R17,LOW(5)
00028f c00c      	RJMP _0x202003D
                 _0x202003C:
000290 35e8      	CPI  R30,LOW(0x58)
000291 f411      	BRNE _0x202003F
000292 6008      	ORI  R16,LOW(8)
000293 c003      	RJMP _0x2020040
                 _0x202003F:
000294 37e8      	CPI  R30,LOW(0x78)
000295 f009      	BREQ PC+2
000296 c0a1      	RJMP _0x2020071
                 _0x2020040:
000297 e5ee      	LDI  R30,LOW(_tbl16_G101*2)
000298 e0f0      	LDI  R31,HIGH(_tbl16_G101*2)
000299 83ee      	STD  Y+6,R30
00029a 83ff      	STD  Y+6+1,R31
00029b e014      	LDI  R17,LOW(4)
                 _0x202003D:
00029c ff02      	SBRS R16,2
00029d c014      	RJMP _0x2020042
00029e 940e 0395 	CALL SUBOPT_0x3
0002a0 940e 03ab 	CALL SUBOPT_0x6
0002a2 85ab      	LDD  R26,Y+11
0002a3 23aa      	TST  R26
0002a4 f43a      	BRPL _0x2020043
0002a5 85ea      	LDD  R30,Y+10
0002a6 85fb      	LDD  R31,Y+10+1
0002a7 940e 03c1 	CALL __ANEGW1
0002a9 87ea      	STD  Y+10,R30
0002aa 87fb      	STD  Y+10+1,R31
0002ab e24d      	LDI  R20,LOW(45)
                 _0x2020043:
0002ac 3040      	CPI  R20,0
0002ad f011      	BREQ _0x2020044
0002ae 5f1f      	SUBI R17,-LOW(1)
0002af c001      	RJMP _0x2020045
                 _0x2020044:
0002b0 7f0b      	ANDI R16,LOW(251)
                 _0x2020045:
0002b1 c004      	RJMP _0x2020046
                 _0x2020042:
0002b2 940e 0395 	CALL SUBOPT_0x3
0002b4 940e 03ab 	CALL SUBOPT_0x6
                 _0x2020046:
                 _0x2020036:
0002b6 fd00      	SBRC R16,0
0002b7 c011      	RJMP _0x2020047
                 _0x2020048:
0002b8 1715      	CP   R17,R21
0002b9 f478      	BRSH _0x202004A
0002ba ff07      	SBRS R16,7
0002bb c008      	RJMP _0x202004B
0002bc ff02      	SBRS R16,2
0002bd c004      	RJMP _0x202004C
0002be 7f0b      	ANDI R16,LOW(251)
0002bf 2f24      	MOV  R18,R20
0002c0 5011      	SUBI R17,LOW(1)
0002c1 c001      	RJMP _0x202004D
                 _0x202004C:
0002c2 e320      	LDI  R18,LOW(48)
                 _0x202004D:
0002c3 c001      	RJMP _0x202004E
                 _0x202004B:
0002c4 e220      	LDI  R18,LOW(32)
                 _0x202004E:
0002c5 940e 038e 	CALL SUBOPT_0x2
0002c7 5051      	SUBI R21,LOW(1)
0002c8 cfef      	RJMP _0x2020048
                 _0x202004A:
                 _0x2020047:
0002c9 2f31      	MOV  R19,R17
0002ca ff01      	SBRS R16,1
0002cb c017      	RJMP _0x202004F
                 _0x2020050:
0002cc 3030      	CPI  R19,0
0002cd f0a1      	BREQ _0x2020052
0002ce ff03      	SBRS R16,3
0002cf c006      	RJMP _0x2020053
0002d0 81ee      	LDD  R30,Y+6
0002d1 81ff      	LDD  R31,Y+6+1
0002d2 9125      	LPM  R18,Z+
0002d3 83ee      	STD  Y+6,R30
0002d4 83ff      	STD  Y+6+1,R31
0002d5 c005      	RJMP _0x2020054
                 _0x2020053:
0002d6 81ae      	LDD  R26,Y+6
0002d7 81bf      	LDD  R27,Y+6+1
0002d8 912d      	LD   R18,X+
0002d9 83ae      	STD  Y+6,R26
0002da 83bf      	STD  Y+6+1,R27
                 _0x2020054:
0002db 940e 038e 	CALL SUBOPT_0x2
0002dd 3050      	CPI  R21,0
0002de f009      	BREQ _0x2020055
0002df 5051      	SUBI R21,LOW(1)
                 _0x2020055:
0002e0 5031      	SUBI R19,LOW(1)
0002e1 cfea      	RJMP _0x2020050
                 _0x2020052:
0002e2 c04b      	RJMP _0x2020056
                 _0x202004F:
                 _0x2020058:
0002e3 e320      	LDI  R18,LOW(48)
0002e4 81ee      	LDD  R30,Y+6
0002e5 81ff      	LDD  R31,Y+6+1
0002e6 940e 0447 	CALL __GETW1PF
0002e8 87e8      	STD  Y+8,R30
0002e9 87f9      	STD  Y+8+1,R31
0002ea 81ee      	LDD  R30,Y+6
0002eb 81ff      	LDD  R31,Y+6+1
0002ec 9632      	ADIW R30,2
0002ed 83ee      	STD  Y+6,R30
0002ee 83ff      	STD  Y+6+1,R31
                 _0x202005A:
0002ef 85e8      	LDD  R30,Y+8
0002f0 85f9      	LDD  R31,Y+8+1
0002f1 85aa      	LDD  R26,Y+10
0002f2 85bb      	LDD  R27,Y+10+1
0002f3 17ae      	CP   R26,R30
0002f4 07bf      	CPC  R27,R31
0002f5 f050      	BRLO _0x202005C
0002f6 5f2f      	SUBI R18,-LOW(1)
0002f7 85a8      	LDD  R26,Y+8
0002f8 85b9      	LDD  R27,Y+8+1
0002f9 85ea      	LDD  R30,Y+10
0002fa 85fb      	LDD  R31,Y+10+1
0002fb 1bea      	SUB  R30,R26
0002fc 0bfb      	SBC  R31,R27
0002fd 87ea      	STD  Y+10,R30
0002fe 87fb      	STD  Y+10+1,R31
0002ff cfef      	RJMP _0x202005A
                 _0x202005C:
000300 332a      	CPI  R18,58
000301 f028      	BRLO _0x202005D
000302 ff03      	SBRS R16,3
000303 c002      	RJMP _0x202005E
000304 5f29      	SUBI R18,-LOW(7)
000305 c001      	RJMP _0x202005F
                 _0x202005E:
000306 5d29      	SUBI R18,-LOW(39)
                 _0x202005F:
                 _0x202005D:
000307 fd04      	SBRC R16,4
000308 c01a      	RJMP _0x2020061
000309 3321      	CPI  R18,49
00030a f420      	BRSH _0x2020063
00030b 85a8      	LDD  R26,Y+8
00030c 85b9      	LDD  R27,Y+8+1
00030d 9711      	SBIW R26,1
00030e f409      	BRNE _0x2020062
                 _0x2020063:
00030f c009      	RJMP _0x20200CD
                 _0x2020062:
000310 1753      	CP   R21,R19
000311 f010      	BRLO _0x2020067
000312 ff00      	SBRS R16,0
000313 c001      	RJMP _0x2020068
                 _0x2020067:
000314 c013      	RJMP _0x2020066
                 _0x2020068:
000315 e220      	LDI  R18,LOW(32)
000316 ff07      	SBRS R16,7
000317 c00b      	RJMP _0x2020069
000318 e320      	LDI  R18,LOW(48)
                 _0x20200CD:
000319 6100      	ORI  R16,LOW(16)
00031a ff02      	SBRS R16,2
00031b c007      	RJMP _0x202006A
00031c 7f0b      	ANDI R16,LOW(251)
00031d 934a      	ST   -Y,R20
00031e 940e 039b 	CALL SUBOPT_0x4
000320 3050      	CPI  R21,0
000321 f009      	BREQ _0x202006B
000322 5051      	SUBI R21,LOW(1)
                 _0x202006B:
                 _0x202006A:
                 _0x2020069:
                 _0x2020061:
000323 940e 038e 	CALL SUBOPT_0x2
000325 3050      	CPI  R21,0
000326 f009      	BREQ _0x202006C
000327 5051      	SUBI R21,LOW(1)
                 _0x202006C:
                 _0x2020066:
000328 5031      	SUBI R19,LOW(1)
000329 85a8      	LDD  R26,Y+8
00032a 85b9      	LDD  R27,Y+8+1
00032b 9712      	SBIW R26,2
00032c f008      	BRLO _0x2020059
00032d cfb5      	RJMP _0x2020058
                 _0x2020059:
                 _0x2020056:
00032e ff00      	SBRS R16,0
00032f c008      	RJMP _0x202006D
                 _0x202006E:
000330 3050      	CPI  R21,0
000331 f031      	BREQ _0x2020070
000332 5051      	SUBI R21,LOW(1)
000333 e2e0      	LDI  R30,LOW(32)
000334 93ea      	ST   -Y,R30
000335 940e 039b 	CALL SUBOPT_0x4
000337 cff8      	RJMP _0x202006E
                 _0x2020070:
                 _0x202006D:
                 _0x2020071:
                 _0x2020030:
                 _0x20200CC:
000338 e010      	LDI  R17,LOW(0)
                 _0x202001B:
000339 cee0      	RJMP _0x2020016
                 _0x2020018:
00033a 85ac      	LDD  R26,Y+12
00033b 85bd      	LDD  R27,Y+12+1
00033c 940e 0443 	CALL __GETW1P
                 _0x2080001:
00033e 940e 0457 	CALL __LOADLOCR6
000340 9664      	ADIW R28,20
000341 9508      	RET
                 ; .FEND
                 _printf:
                 ; .FSTART _printf
000342 92ff      	PUSH R15
000343 2ef8      	MOV  R15,R24
000344 9726      	SBIW R28,6
000345 931a      	ST   -Y,R17
000346 930a      	ST   -Y,R16
000347 01de      	MOVW R26,R28
000348 9614      	ADIW R26,4
000349 940e 03bd 	CALL __ADDW2R15
00034b 018d      	MOVW R16,R26
00034c e0e0      	LDI  R30,LOW(0)
00034d 83ec      	STD  Y+4,R30
00034e 83ed      	STD  Y+4+1,R30
00034f 83ee      	STD  Y+6,R30
000350 83ef      	STD  Y+6+1,R30
000351 01de      	MOVW R26,R28
000352 9618      	ADIW R26,8
000353 940e 03bd 	CALL __ADDW2R15
000355 940e 0443 	CALL __GETW1P
000357 93fa      	ST   -Y,R31
000358 93ea      	ST   -Y,R30
000359 931a      	ST   -Y,R17
00035a 930a      	ST   -Y,R16
00035b e0e1      	LDI  R30,LOW(_put_usart_G101)
00035c e0f2      	LDI  R31,HIGH(_put_usart_G101)
00035d 93fa      	ST   -Y,R31
00035e 93ea      	ST   -Y,R30
00035f 01de      	MOVW R26,R28
000360 9618      	ADIW R26,8
000361 deac      	RCALL __print_G101
000362 8119      	LDD  R17,Y+1
000363 8108      	LDD  R16,Y+0
000364 9628      	ADIW R28,8
000365 90ff      	POP  R15
000366 9508      	RET
                 ; .FEND
                 
                 	.CSEG
                 
                 	.CSEG
                 _strlen:
                 ; .FSTART _strlen
000367 93ba      	ST   -Y,R27
000368 93aa      	ST   -Y,R26
000369 91a9          ld   r26,y+
00036a 91b9          ld   r27,y+
00036b 27ee          clr  r30
00036c 27ff          clr  r31
                 strlen0:
00036d 916d          ld   r22,x+
00036e 2366          tst  r22
00036f f011          breq strlen1
000370 9631          adiw r30,1
000371 cffb          rjmp strlen0
                 strlen1:
000372 9508          ret
                 ; .FEND
                 _strlenf:
                 ; .FSTART _strlenf
000373 93ba      	ST   -Y,R27
000374 93aa      	ST   -Y,R26
000375 27aa          clr  r26
000376 27bb          clr  r27
000377 91e9          ld   r30,y+
000378 91f9          ld   r31,y+
                 strlenf0:
000379 9005      	lpm  r0,z+
00037a 2000          tst  r0
00037b f011          breq strlenf1
00037c 9611          adiw r26,1
00037d cffb          rjmp strlenf0
                 strlenf1:
00037e 01fd          movw r30,r26
00037f 9508          ret
                 ; .FEND
                 
                 	.DSEG
                 _rx_buffer:
000160           	.BYTE 0x8
                 __base_y_G100:
000168           	.BYTE 0x4
                 
                 	.CSEG
                 ;OPTIMIZER ADDED SUBROUTINE, CALLED 2 TIMES, CODE SIZE REDUCTION:1 WORDS
                 SUBOPT_0x0:
000380 940e 0181 	CALL __lcd_write_data
000382 e0a3      	LDI  R26,LOW(3)
000383 e0b0      	LDI  R27,0
000384 940c 03b3 	JMP  _delay_ms
                 
                 ;OPTIMIZER ADDED SUBROUTINE, CALLED 3 TIMES, CODE SIZE REDUCTION:7 WORDS
                 SUBOPT_0x1:
000386 e3a0      	LDI  R26,LOW(48)
000387 940e 016c 	CALL __lcd_write_nibble_G100
                +
000389 ec88     +LDI R24 , LOW ( 200 )
00038a e090     +LDI R25 , HIGH ( 200 )
                +__DELAY_USW_LOOP :
00038b 9701     +SBIW R24 , 1
00038c f7f1     +BRNE __DELAY_USW_LOOP
                 	__DELAY_USW 200
00038d 9508      	RET
                 
                 ;OPTIMIZER ADDED SUBROUTINE, CALLED 5 TIMES, CODE SIZE REDUCTION:13 WORDS
                 SUBOPT_0x2:
00038e 932a      	ST   -Y,R18
00038f 85ad      	LDD  R26,Y+13
000390 85be      	LDD  R27,Y+13+1
000391 85ef      	LDD  R30,Y+15
000392 89f8      	LDD  R31,Y+15+1
000393 9509      	ICALL
000394 9508      	RET
                 
                 ;OPTIMIZER ADDED SUBROUTINE, CALLED 5 TIMES, CODE SIZE REDUCTION:9 WORDS
                 SUBOPT_0x3:
000395 89e8      	LDD  R30,Y+16
000396 89f9      	LDD  R31,Y+16+1
000397 9734      	SBIW R30,4
000398 8be8      	STD  Y+16,R30
000399 8bf9      	STD  Y+16+1,R31
00039a 9508      	RET
                 
                 ;OPTIMIZER ADDED SUBROUTINE, CALLED 3 TIMES, CODE SIZE REDUCTION:3 WORDS
                 SUBOPT_0x4:
00039b 85ad      	LDD  R26,Y+13
00039c 85be      	LDD  R27,Y+13+1
00039d 85ef      	LDD  R30,Y+15
00039e 89f8      	LDD  R31,Y+15+1
00039f 9509      	ICALL
0003a0 9508      	RET
                 
                 ;OPTIMIZER ADDED SUBROUTINE, CALLED 2 TIMES, CODE SIZE REDUCTION:4 WORDS
                 SUBOPT_0x5:
0003a1 89a8      	LDD  R26,Y+16
0003a2 89b9      	LDD  R27,Y+16+1
0003a3 9614      	ADIW R26,4
0003a4 940e 0443 	CALL __GETW1P
0003a6 83ee      	STD  Y+6,R30
0003a7 83ff      	STD  Y+6+1,R31
0003a8 81ae      	LDD  R26,Y+6
0003a9 81bf      	LDD  R27,Y+6+1
0003aa 9508      	RET
                 
                 ;OPTIMIZER ADDED SUBROUTINE, CALLED 2 TIMES, CODE SIZE REDUCTION:2 WORDS
                 SUBOPT_0x6:
0003ab 89a8      	LDD  R26,Y+16
0003ac 89b9      	LDD  R27,Y+16+1
0003ad 9614      	ADIW R26,4
0003ae 940e 0443 	CALL __GETW1P
0003b0 87ea      	STD  Y+10,R30
0003b1 87fb      	STD  Y+10+1,R31
0003b2 9508      	RET
                 
                 
                 	.CSEG
                 _delay_ms:
0003b3 9610      	adiw r26,0
0003b4 f039      	breq __delay_ms1
                 __delay_ms0:
                +
0003b5 ed80     +LDI R24 , LOW ( 0x7D0 )
0003b6 e097     +LDI R25 , HIGH ( 0x7D0 )
                +__DELAY_USW_LOOP :
0003b7 9701     +SBIW R24 , 1
0003b8 f7f1     +BRNE __DELAY_USW_LOOP
                 	__DELAY_USW 0x7D0
0003b9 95a8      	wdr
0003ba 9711      	sbiw r26,1
0003bb f7c9      	brne __delay_ms0
                 __delay_ms1:
0003bc 9508      	ret
                 
                 __ADDW2R15:
0003bd 2400      	CLR  R0
0003be 0daf      	ADD  R26,R15
0003bf 1db0      	ADC  R27,R0
0003c0 9508      	RET
                 
                 __ANEGW1:
0003c1 95f1      	NEG  R31
0003c2 95e1      	NEG  R30
0003c3 40f0      	SBCI R31,0
0003c4 9508      	RET
                 
                 __ANEGD1:
0003c5 95f0      	COM  R31
0003c6 9560      	COM  R22
0003c7 9570      	COM  R23
0003c8 95e1      	NEG  R30
0003c9 4fff      	SBCI R31,-1
0003ca 4f6f      	SBCI R22,-1
0003cb 4f7f      	SBCI R23,-1
0003cc 9508      	RET
                 
                 __CWD1:
0003cd 2f6f      	MOV  R22,R31
0003ce 0f66      	ADD  R22,R22
0003cf 0b66      	SBC  R22,R22
0003d0 2f76      	MOV  R23,R22
0003d1 9508      	RET
                 
                 __DIVW21U:
0003d2 2400      	CLR  R0
0003d3 2411      	CLR  R1
0003d4 e190      	LDI  R25,16
                 __DIVW21U1:
0003d5 0faa      	LSL  R26
0003d6 1fbb      	ROL  R27
0003d7 1c00      	ROL  R0
0003d8 1c11      	ROL  R1
0003d9 1a0e      	SUB  R0,R30
0003da 0a1f      	SBC  R1,R31
0003db f418      	BRCC __DIVW21U2
0003dc 0e0e      	ADD  R0,R30
0003dd 1e1f      	ADC  R1,R31
0003de c001      	RJMP __DIVW21U3
                 __DIVW21U2:
0003df 60a1      	SBR  R26,1
                 __DIVW21U3:
0003e0 959a      	DEC  R25
0003e1 f799      	BRNE __DIVW21U1
0003e2 01fd      	MOVW R30,R26
0003e3 01d0      	MOVW R26,R0
0003e4 9508      	RET
                 
                 __DIVW21:
0003e5 d03c      	RCALL __CHKSIGNW
0003e6 dfeb      	RCALL __DIVW21U
0003e7 f40e      	BRTC __DIVW211
0003e8 dfd8      	RCALL __ANEGW1
                 __DIVW211:
0003e9 9508      	RET
                 
                 __DIVD21U:
0003ea 933f      	PUSH R19
0003eb 934f      	PUSH R20
0003ec 935f      	PUSH R21
0003ed 2400      	CLR  R0
0003ee 2411      	CLR  R1
0003ef 2744      	CLR  R20
0003f0 2755      	CLR  R21
0003f1 e230      	LDI  R19,32
                 __DIVD21U1:
0003f2 0faa      	LSL  R26
0003f3 1fbb      	ROL  R27
0003f4 1f88      	ROL  R24
0003f5 1f99      	ROL  R25
0003f6 1c00      	ROL  R0
0003f7 1c11      	ROL  R1
0003f8 1f44      	ROL  R20
0003f9 1f55      	ROL  R21
0003fa 1a0e      	SUB  R0,R30
0003fb 0a1f      	SBC  R1,R31
0003fc 0b46      	SBC  R20,R22
0003fd 0b57      	SBC  R21,R23
0003fe f428      	BRCC __DIVD21U2
0003ff 0e0e      	ADD  R0,R30
000400 1e1f      	ADC  R1,R31
000401 1f46      	ADC  R20,R22
000402 1f57      	ADC  R21,R23
000403 c001      	RJMP __DIVD21U3
                 __DIVD21U2:
000404 60a1      	SBR  R26,1
                 __DIVD21U3:
000405 953a      	DEC  R19
000406 f759      	BRNE __DIVD21U1
000407 01fd      	MOVW R30,R26
000408 01bc      	MOVW R22,R24
000409 01d0      	MOVW R26,R0
00040a 01ca      	MOVW R24,R20
00040b 915f      	POP  R21
00040c 914f      	POP  R20
00040d 913f      	POP  R19
00040e 9508      	RET
                 
                 __DIVD21:
00040f d020      	RCALL __CHKSIGND
000410 dfd9      	RCALL __DIVD21U
000411 f40e      	BRTC __DIVD211
000412 dfb2      	RCALL __ANEGD1
                 __DIVD211:
000413 9508      	RET
                 
                 __MODW21:
000414 94e8      	CLT
000415 ffb7      	SBRS R27,7
000416 c004      	RJMP __MODW211
000417 95a0      	COM  R26
000418 95b0      	COM  R27
000419 9611      	ADIW R26,1
00041a 9468      	SET
                 __MODW211:
00041b fdf7      	SBRC R31,7
00041c dfa4      	RCALL __ANEGW1
00041d dfb4      	RCALL __DIVW21U
00041e 01fd      	MOVW R30,R26
00041f f40e      	BRTC __MODW212
000420 dfa0      	RCALL __ANEGW1
                 __MODW212:
000421 9508      	RET
                 
                 __CHKSIGNW:
000422 94e8      	CLT
000423 fff7      	SBRS R31,7
000424 c002      	RJMP __CHKSW1
000425 df9b      	RCALL __ANEGW1
000426 9468      	SET
                 __CHKSW1:
000427 ffb7      	SBRS R27,7
000428 c006      	RJMP __CHKSW2
000429 95a0      	COM  R26
00042a 95b0      	COM  R27
00042b 9611      	ADIW R26,1
00042c f800      	BLD  R0,0
00042d 9403      	INC  R0
00042e fa00      	BST  R0,0
                 __CHKSW2:
00042f 9508      	RET
                 
                 __CHKSIGND:
000430 94e8      	CLT
000431 ff77      	SBRS R23,7
000432 c002      	RJMP __CHKSD1
000433 df91      	RCALL __ANEGD1
000434 9468      	SET
                 __CHKSD1:
000435 ff97      	SBRS R25,7
000436 c00b      	RJMP __CHKSD2
000437 2400      	CLR  R0
000438 95a0      	COM  R26
000439 95b0      	COM  R27
00043a 9580      	COM  R24
00043b 9590      	COM  R25
00043c 9611      	ADIW R26,1
00043d 1d80      	ADC  R24,R0
00043e 1d90      	ADC  R25,R0
00043f f800      	BLD  R0,0
000440 9403      	INC  R0
000441 fa00      	BST  R0,0
                 __CHKSD2:
000442 9508      	RET
                 
                 __GETW1P:
000443 91ed      	LD   R30,X+
000444 91fc      	LD   R31,X
000445 9711      	SBIW R26,1
000446 9508      	RET
                 
                 __GETW1PF:
000447 9005      	LPM  R0,Z+
000448 91f4      	LPM  R31,Z
000449 2de0      	MOV  R30,R0
00044a 9508      	RET
                 
                 __PUTPARD1:
00044b 937a      	ST   -Y,R23
00044c 936a      	ST   -Y,R22
00044d 93fa      	ST   -Y,R31
00044e 93ea      	ST   -Y,R30
00044f 9508      	RET
                 
                 __SAVELOCR6:
000450 935a      	ST   -Y,R21
                 __SAVELOCR5:
000451 934a      	ST   -Y,R20
                 __SAVELOCR4:
000452 933a      	ST   -Y,R19
                 __SAVELOCR3:
000453 932a      	ST   -Y,R18
                 __SAVELOCR2:
000454 931a      	ST   -Y,R17
000455 930a      	ST   -Y,R16
000456 9508      	RET
                 
                 __LOADLOCR6:
000457 815d      	LDD  R21,Y+5
                 __LOADLOCR5:
000458 814c      	LDD  R20,Y+4
                 __LOADLOCR4:
000459 813b      	LDD  R19,Y+3
                 __LOADLOCR3:
00045a 812a      	LDD  R18,Y+2
                 __LOADLOCR2:
00045b 8119      	LDD  R17,Y+1
00045c 8108      	LD   R16,Y
00045d 9508      	RET
                 
                 ;END OF CODE MARKER
                 __END_OF_CODE:


RESOURCE USE INFORMATION
------------------------

Notice:
The register and instruction counts are symbol table hit counts,
and hence implicitly used resources are not counted, eg, the
'lpm' instruction without operands implicitly uses r0 and z,
none of which are counted.

x,y,z are separate entities in the symbol table and are
counted separately from r26..r31 here.

.dseg memory usage only counts static data declared with .byte

ATmega16 register use summary:
r0 :  32 r1 :  11 r2 :   0 r3 :   0 r4 :   0 r5 :   0 r6 :   4 r7 :   0 
r8 :   2 r9 :   4 r10:   0 r11:   0 r12:   0 r13:   0 r14:   0 r15:   6 
r16:  43 r17:  27 r18:  30 r19:  13 r20:  19 r21:  24 r22:  19 r23:  10 
r24:  32 r25:  14 r26: 114 r27:  45 r28:  14 r29:   1 r30: 216 r31:  79 
x  :  13 y  : 219 z  :  15 
Registers used: 25 out of 35 (71.4%)

ATmega16 instruction use summary:
.lds  :   0 .lds.l:   0 .sts  :   0 .sts.l:   0 adc   :   7 add   :   6 
adiw  :  22 and   :   0 andi  :   8 asr   :   0 bclr  :   0 bld   :   2 
brbc  :   0 brbs  :   0 brcc  :   2 brcs  :   0 break :   0 breq  :  15 
brge  :   1 brhc  :   0 brhs  :   0 brid  :   0 brie  :   0 brlo  :   9 
brlt  :   0 brmi  :   0 brne  :  33 brpl  :   1 brsh  :   2 brtc  :   3 
brts  :   0 brvc  :   0 brvs  :   0 bset  :   0 bst   :   2 call  :  52 
cbi   :   5 cbr   :   0 clc   :   0 clh   :   0 cli   :   1 cln   :   0 
clr   :  17 cls   :   0 clt   :   3 clv   :   0 clz   :   0 com   :  11 
cp    :   4 cpc   :   2 cpi   :  37 cpse  :   0 dec   :   7 des   :   0 
eor   :   0 fmul  :   0 fmuls :   0 fmulsu:   0 icall :   2 ijmp  :   0 
in    :   5 inc   :   4 jmp   :  25 ld    :  38 ldd   :  78 ldi   : 117 
lds   :   0 lpm   :  16 lsl   :   7 lsr   :   0 mov   :  23 movw  :  20 
mul   :   1 muls  :   0 mulsu :   0 neg   :   3 nop   :   0 or    :   4 
ori   :   7 out   :  25 pop   :   4 push  :   4 rcall :  27 ret   :  31 
reti  :   1 rjmp  :  71 rol   :  10 ror   :   2 sbc   :   6 sbci  :   5 
sbi   :   5 sbic  :   0 sbis  :   1 sbiw  :  17 sbr   :   2 sbrc  :   3 
sbrs  :  15 sec   :   0 seh   :   0 sei   :   1 sen   :   0 ser   :   0 
ses   :   0 set   :   3 sev   :   0 sez   :   0 sleep :   0 spm   :   0 
st    :  73 std   :  45 sts   :   2 sub   :   3 subi  :  16 swap  :   3 
tst   :   3 wdr   :   1 
Instructions used: 66 out of 116 (56.9%)

ATmega16 memory use summary [bytes]:
Segment   Begin    End      Code   Data   Used    Size   Use%
---------------------------------------------------------------
[.cseg] 0x000000 0x0008bc   2114    122   2236   16384  13.6%
[.dseg] 0x000060 0x00016c      0     12     12    1024   1.2%
[.eseg] 0x000000 0x000000      0      0      0     512   0.0%

Assembly complete, 0 errors, 7 warnings
